Component: ARM Compiler 5.06 update 7 (build 960) Tool: armlink [4d3601]

==============================================================================

Section Cross References

    startup_stm32l031xx.o(STACK) refers (Special) to heapauxi.o(.text) for __use_two_region_memory
    startup_stm32l031xx.o(HEAP) refers (Special) to heapauxi.o(.text) for __use_two_region_memory
    startup_stm32l031xx.o(RESET) refers (Special) to heapauxi.o(.text) for __use_two_region_memory
    startup_stm32l031xx.o(RESET) refers to startup_stm32l031xx.o(STACK) for __initial_sp
    startup_stm32l031xx.o(RESET) refers to startup_stm32l031xx.o(.text) for Reset_Handler
    startup_stm32l031xx.o(RESET) refers to stm32l0xx_it.o(i.NMI_Handler) for NMI_Handler
    startup_stm32l031xx.o(RESET) refers to stm32l0xx_it.o(i.HardFault_Handler) for HardFault_Handler
    startup_stm32l031xx.o(RESET) refers to stm32l0xx_it.o(i.SVC_Handler) for SVC_Handler
    startup_stm32l031xx.o(RESET) refers to stm32l0xx_it.o(i.PendSV_Handler) for PendSV_Handler
    startup_stm32l031xx.o(RESET) refers to stm32l0xx_it.o(i.SysTick_Handler) for SysTick_Handler
    startup_stm32l031xx.o(RESET) refers to stm32l0xx_it.o(i.USART2_IRQHandler) for USART2_IRQHandler
    startup_stm32l031xx.o(.text) refers (Special) to heapauxi.o(.text) for __use_two_region_memory
    startup_stm32l031xx.o(.text) refers to system_stm32l0xx.o(i.SystemInit) for SystemInit
    startup_stm32l031xx.o(.text) refers to __main.o(!!!main) for __main
    startup_stm32l031xx.o(.text) refers to startup_stm32l031xx.o(HEAP) for Heap_Mem
    startup_stm32l031xx.o(.text) refers to startup_stm32l031xx.o(STACK) for Stack_Mem
    main.o(i.HAL_UART_RxCpltCallback) refers to hal_uart.o(i.HAL_UART_Read) for HAL_UART_Read
    main.o(i.HAL_UART_RxCpltCallback) refers to strcmp.o(.text) for strcmp
    main.o(i.HAL_UART_RxCpltCallback) refers to hal_uart.o(i.HAL_UART_Write) for HAL_UART_Write
    main.o(i.HAL_UART_RxCpltCallback) refers to hal_max30100.o(i.HAL_MAX30100_SetMode) for HAL_MAX30100_SetMode
    main.o(i.HAL_UART_RxCpltCallback) refers to hal_max30100.o(i.HAL_MAX30100_ReadFIFO) for HAL_MAX30100_ReadFIFO
    main.o(i.HAL_UART_RxCpltCallback) refers to hal_max30100.o(i.HAL_MAX30100_ClearFIFO) for HAL_MAX30100_ClearFIFO
    main.o(i.HAL_UART_RxCpltCallback) refers to main.o(.bss) for .bss
    main.o(i.HAL_UART_RxCpltCallback) refers to main.o(.data) for .data
    main.o(i.main) refers to stm32l0xx_hal.o(i.HAL_Init) for HAL_Init
    main.o(i.main) refers to hal_sysclk_config.o(i.SysClock_Config) for SysClock_Config
    main.o(i.main) refers to hal_gpio.o(i.GPIO_Init) for GPIO_Init
    main.o(i.main) refers to hal_i2c.o(i.I2C_Init) for I2C_Init
    main.o(i.main) refers to hal_tim2.o(i.TIM2_Init) for TIM2_Init
    main.o(i.main) refers to hal_uart.o(i.UART_Init) for UART_Init
    main.o(i.main) refers to hal_uart.o(i.HAL_UART_Read) for HAL_UART_Read
    main.o(i.main) refers to hal_max30100.o(i.HAL_MAX30100_Init) for HAL_MAX30100_Init
    main.o(i.main) refers to hal_max30100.o(i.HAL_MAX30100_SetSpO2SampleRate) for HAL_MAX30100_SetSpO2SampleRate
    main.o(i.main) refers to hal_max30100.o(i.HAL_MAX30100_SetLEDPulseWidth) for HAL_MAX30100_SetLEDPulseWidth
    main.o(i.main) refers to hal_max30100.o(i.HAL_MAX30100_SetLEDCurrent) for HAL_MAX30100_SetLEDCurrent
    main.o(i.main) refers to hal_max30100.o(i.HAL_MAX30100_SetMode) for HAL_MAX30100_SetMode
    main.o(i.main) refers to main.o(.bss) for .bss
    stm32l0xx_it.o(i.SysTick_Handler) refers to stm32l0xx_hal.o(i.HAL_IncTick) for HAL_IncTick
    stm32l0xx_it.o(i.USART2_IRQHandler) refers to stm32l0xx_hal_uart.o(i.HAL_UART_IRQHandler) for HAL_UART_IRQHandler
    stm32l0xx_it.o(i.USART2_IRQHandler) refers to main.o(.bss) for huart2
    stm32l0xx_hal_msp.o(i.HAL_I2C_MspDeInit) refers to stm32l0xx_hal_gpio.o(i.HAL_GPIO_DeInit) for HAL_GPIO_DeInit
    stm32l0xx_hal_msp.o(i.HAL_I2C_MspInit) refers to rt_memclr.o(.text) for __aeabi_memclr4
    stm32l0xx_hal_msp.o(i.HAL_I2C_MspInit) refers to stm32l0xx_hal_gpio.o(i.HAL_GPIO_Init) for HAL_GPIO_Init
    stm32l0xx_hal_msp.o(i.HAL_UART_MspDeInit) refers to stm32l0xx_hal_gpio.o(i.HAL_GPIO_DeInit) for HAL_GPIO_DeInit
    stm32l0xx_hal_msp.o(i.HAL_UART_MspDeInit) refers to stm32l0xx_hal_cortex.o(i.HAL_NVIC_DisableIRQ) for HAL_NVIC_DisableIRQ
    stm32l0xx_hal_msp.o(i.HAL_UART_MspInit) refers to rt_memclr.o(.text) for __aeabi_memclr4
    stm32l0xx_hal_msp.o(i.HAL_UART_MspInit) refers to stm32l0xx_hal_gpio.o(i.HAL_GPIO_Init) for HAL_GPIO_Init
    stm32l0xx_hal_msp.o(i.HAL_UART_MspInit) refers to stm32l0xx_hal_cortex.o(i.HAL_NVIC_SetPriority) for HAL_NVIC_SetPriority
    stm32l0xx_hal_msp.o(i.HAL_UART_MspInit) refers to stm32l0xx_hal_cortex.o(i.HAL_NVIC_EnableIRQ) for HAL_NVIC_EnableIRQ
    hal_sysclk_config.o(i.SysClock_Config) refers to hal_sysclk_config.o(i.SystemClock_Config) for SystemClock_Config
    hal_sysclk_config.o(i.SystemClock_Config) refers to rt_memclr.o(.text) for __aeabi_memclr4
[...]
    Removing stm32l0xx_hal_tim.o(i.HAL_TIM_IC_GetState), (6 bytes).
    Removing stm32l0xx_hal_tim.o(i.HAL_TIM_IC_Init), (62 bytes).
    Removing stm32l0xx_hal_tim.o(i.HAL_TIM_IC_MspDeInit), (2 bytes).
    Removing stm32l0xx_hal_tim.o(i.HAL_TIM_IC_MspInit), (2 bytes).
    Removing stm32l0xx_hal_tim.o(i.HAL_TIM_IC_Start), (132 bytes).
    Removing stm32l0xx_hal_tim.o(i.HAL_TIM_IC_Start_DMA), (364 bytes).
    Removing stm32l0xx_hal_tim.o(i.HAL_TIM_IC_Start_IT), (172 bytes).
    Removing stm32l0xx_hal_tim.o(i.HAL_TIM_IC_Stop), (72 bytes).
    Removing stm32l0xx_hal_tim.o(i.HAL_TIM_IC_Stop_DMA), (160 bytes).
    Removing stm32l0xx_hal_tim.o(i.HAL_TIM_IC_Stop_IT), (128 bytes).
    Removing stm32l0xx_hal_tim.o(i.HAL_TIM_IRQHandler), (294 bytes).
    Removing stm32l0xx_hal_tim.o(i.HAL_TIM_OC_ConfigChannel), (80 bytes).
    Removing stm32l0xx_hal_tim.o(i.HAL_TIM_OC_DeInit), (56 bytes).
    Removing stm32l0xx_hal_tim.o(i.HAL_TIM_OC_DelayElapsedCallback), (2 bytes).
    Removing stm32l0xx_hal_tim.o(i.HAL_TIM_OC_GetState), (6 bytes).
    Removing stm32l0xx_hal_tim.o(i.HAL_TIM_OC_Init), (62 bytes).
    Removing stm32l0xx_hal_tim.o(i.HAL_TIM_OC_MspDeInit), (2 bytes).
    Removing stm32l0xx_hal_tim.o(i.HAL_TIM_OC_MspInit), (2 bytes).
    Removing stm32l0xx_hal_tim.o(i.HAL_TIM_OC_Start), (124 bytes).
    Removing stm32l0xx_hal_tim.o(i.HAL_TIM_OC_Start_DMA), (360 bytes).
    Removing stm32l0xx_hal_tim.o(i.HAL_TIM_OC_Start_IT), (164 bytes).
    Removing stm32l0xx_hal_tim.o(i.HAL_TIM_OC_Stop), (72 bytes).
    Removing stm32l0xx_hal_tim.o(i.HAL_TIM_OC_Stop_DMA), (160 bytes).
    Removing stm32l0xx_hal_tim.o(i.HAL_TIM_OC_Stop_IT), (128 bytes).
    Removing stm32l0xx_hal_tim.o(i.HAL_TIM_OnePulse_ConfigChannel), (210 bytes).
    Removing stm32l0xx_hal_tim.o(i.HAL_TIM_OnePulse_DeInit), (52 bytes).
    Removing stm32l0xx_hal_tim.o(i.HAL_TIM_OnePulse_GetState), (6 bytes).
    Removing stm32l0xx_hal_tim.o(i.HAL_TIM_OnePulse_Init), (78 bytes).
    Removing stm32l0xx_hal_tim.o(i.HAL_TIM_OnePulse_MspDeInit), (2 bytes).
    Removing stm32l0xx_hal_tim.o(i.HAL_TIM_OnePulse_MspInit), (2 bytes).
    Removing stm32l0xx_hal_tim.o(i.HAL_TIM_OnePulse_Start), (52 bytes).
    Removing stm32l0xx_hal_tim.o(i.HAL_TIM_OnePulse_Start_IT), (70 bytes).
    Removing stm32l0xx_hal_tim.o(i.HAL_TIM_OnePulse_Stop), (60 bytes).
    Removing stm32l0xx_hal_tim.o(i.HAL_TIM_OnePulse_Stop_IT), (80 bytes).
    Removing stm32l0xx_hal_tim.o(i.HAL_TIM_PWM_ConfigChannel), (208 bytes).
    Removing stm32l0xx_hal_tim.o(i.HAL_TIM_PWM_DeInit), (56 bytes).
    Removing stm32l0xx_hal_tim.o(i.HAL_TIM_PWM_GetState), (6 bytes).
    Removing stm32l0xx_hal_tim.o(i.HAL_TIM_PWM_Init), (62 bytes).
    Removing stm32l0xx_hal_tim.o(i.HAL_TIM_PWM_MspDeInit), (2 bytes).
    Removing stm32l0xx_hal_tim.o(i.HAL_TIM_PWM_MspInit), (2 bytes).
    Removing stm32l0xx_hal_tim.o(i.HAL_TIM_PWM_PulseFinishedCallback), (2 bytes).
    Removing stm32l0xx_hal_tim.o(i.HAL_TIM_PWM_PulseFinishedHalfCpltCallback), (2 bytes).
    Removing stm32l0xx_hal_tim.o(i.HAL_TIM_PWM_Start), (124 bytes).
    Removing stm32l0xx_hal_tim.o(i.HAL_TIM_PWM_Start_DMA), (360 bytes).
    Removing stm32l0xx_hal_tim.o(i.HAL_TIM_PWM_Start_IT), (164 bytes).
    Removing stm32l0xx_hal_tim.o(i.HAL_TIM_PWM_Stop), (72 bytes).
    Removing stm32l0xx_hal_tim.o(i.HAL_TIM_PWM_Stop_DMA), (160 bytes).
    Removing stm32l0xx_hal_tim.o(i.HAL_TIM_PWM_Stop_IT), (128 bytes).
    Removing stm32l0xx_hal_tim.o(i.HAL_TIM_PeriodElapsedCallback), (2 bytes).
    Removing stm32l0xx_hal_tim.o(i.HAL_TIM_PeriodElapsedHalfCpltCallback), (2 bytes).
    Removing stm32l0xx_hal_tim.o(i.HAL_TIM_ReadCapturedValue), (44 bytes).
    Removing stm32l0xx_hal_tim.o(i.HAL_TIM_SlaveConfigSynchro_IT), (76 bytes).
    Removing stm32l0xx_hal_tim.o(i.HAL_TIM_TriggerCallback), (2 bytes).
    Removing stm32l0xx_hal_tim.o(i.HAL_TIM_TriggerHalfCpltCallback), (2 bytes).
    Removing stm32l0xx_hal_tim.o(i.TIM_CCxChannelCmd), (26 bytes).
    Removing stm32l0xx_hal_tim.o(i.TIM_DMACaptureCplt), (102 bytes).
    Removing stm32l0xx_hal_tim.o(i.TIM_DMACaptureHalfCplt), (56 bytes).
    Removing stm32l0xx_hal_tim.o(i.TIM_DMADelayPulseCplt), (102 bytes).
    Removing stm32l0xx_hal_tim.o(i.TIM_DMADelayPulseHalfCplt), (56 bytes).
    Removing stm32l0xx_hal_tim.o(i.TIM_DMAError), (84 bytes).
    Removing stm32l0xx_hal_tim.o(i.TIM_DMAPeriodElapsedCplt), (24 bytes).
    Removing stm32l0xx_hal_tim.o(i.TIM_DMAPeriodElapsedHalfCplt), (10 bytes).
    Removing stm32l0xx_hal_tim.o(i.TIM_DMATriggerCplt), (24 bytes).
    Removing stm32l0xx_hal_tim.o(i.TIM_DMATriggerHalfCplt), (10 bytes).
    Removing stm32l0xx_hal_tim.o(i.TIM_OC1_SetConfig), (48 bytes).
    Removing stm32l0xx_hal_tim.o(i.TIM_OC2_SetConfig), (50 bytes).
    Removing stm32l0xx_hal_tim.o(i.TIM_OC3_SetConfig), (54 bytes).
    Removing stm32l0xx_hal_tim.o(i.TIM_OC4_SetConfig), (54 bytes).
    Removing stm32l0xx_hal_tim.o(i.TIM_TI1_SetConfig), (76 bytes).
    Removing stm32l0xx_hal_tim.o(i.TIM_TI2_SetConfig), (52 bytes).
    Removing stm32l0xx_hal_tim_ex.o(.rev16_text), (4 bytes).
    Removing stm32l0xx_hal_tim_ex.o(.revsh_text), (4 bytes).
    Removing stm32l0xx_hal_tim_ex.o(i.HAL_TIMEx_RemapConfig), (28 bytes).
    Removing stm32l0xx_hal_uart.o(.rev16_text), (4 bytes).
    Removing stm32l0xx_hal_uart.o(.revsh_text), (4 bytes).
    Removing stm32l0xx_hal_uart.o(i.HAL_HalfDuplex_EnableReceiver), (78 bytes).
    Removing stm32l0xx_hal_uart.o(i.HAL_HalfDuplex_EnableTransmitter), (78 bytes).
    Removing stm32l0xx_hal_uart.o(i.HAL_HalfDuplex_Init), (116 bytes).
    Removing stm32l0xx_hal_uart.o(i.HAL_LIN_Init), (146 bytes).
    Removing stm32l0xx_hal_uart.o(i.HAL_LIN_SendBreak), (44 bytes).
    Removing stm32l0xx_hal_uart.o(i.HAL_MultiProcessor_DisableMuteMode), (58 bytes).
    Removing stm32l0xx_hal_uart.o(i.HAL_MultiProcessor_EnableMuteMode), (58 bytes).
    Removing stm32l0xx_hal_uart.o(i.HAL_MultiProcessor_EnterMuteMode), (12 bytes).
    Removing stm32l0xx_hal_uart.o(i.HAL_MultiProcessor_Init), (142 bytes).
    Removing stm32l0xx_hal_uart.o(i.HAL_UART_Abort), (252 bytes).
    Removing stm32l0xx_hal_uart.o(i.HAL_UART_AbortCpltCallback), (2 bytes).
    Removing stm32l0xx_hal_uart.o(i.HAL_UART_AbortReceive), (184 bytes).
    Removing stm32l0xx_hal_uart.o(i.HAL_UART_AbortReceiveCpltCallback), (2 bytes).
    Removing stm32l0xx_hal_uart.o(i.HAL_UART_AbortReceive_IT), (200 bytes).
    Removing stm32l0xx_hal_uart.o(i.HAL_UART_AbortTransmit), (112 bytes).
    Removing stm32l0xx_hal_uart.o(i.HAL_UART_AbortTransmitCpltCallback), (2 bytes).
    Removing stm32l0xx_hal_uart.o(i.HAL_UART_AbortTransmit_IT), (116 bytes).
    Removing stm32l0xx_hal_uart.o(i.HAL_UART_Abort_IT), (292 bytes).
    Removing stm32l0xx_hal_uart.o(i.HAL_UART_DMAPause), (150 bytes).
    Removing stm32l0xx_hal_uart.o(i.HAL_UART_DMAResume), (140 bytes).
    Removing stm32l0xx_hal_uart.o(i.HAL_UART_DMAStop), (154 bytes).
    Removing stm32l0xx_hal_uart.o(i.HAL_UART_DeInit), (62 bytes).
    Removing stm32l0xx_hal_uart.o(i.HAL_UART_DisableReceiverTimeout), (68 bytes).
    Removing stm32l0xx_hal_uart.o(i.HAL_UART_EnableReceiverTimeout), (68 bytes).
    Removing stm32l0xx_hal_uart.o(i.HAL_UART_GetError), (6 bytes).
    Removing stm32l0xx_hal_uart.o(i.HAL_UART_GetState), (10 bytes).
    Removing stm32l0xx_hal_uart.o(i.HAL_UART_MspDeInit), (2 bytes).
    Removing stm32l0xx_hal_uart.o(i.HAL_UART_MspInit), (2 bytes).
    Removing stm32l0xx_hal_uart.o(i.HAL_UART_Receive), (272 bytes).
    Removing stm32l0xx_hal_uart.o(i.HAL_UART_Receive_DMA), (112 bytes).
    Removing stm32l0xx_hal_uart.o(i.HAL_UART_ReceiverTimeout_Config), (24 bytes).
    Removing stm32l0xx_hal_uart.o(i.HAL_UART_RxCpltCallback), (2 bytes).
    Removing stm32l0xx_hal_uart.o(i.HAL_UART_RxHalfCpltCallback), (2 bytes).
    Removing stm32l0xx_hal_uart.o(i.HAL_UART_Transmit_DMA), (192 bytes).
    Removing stm32l0xx_hal_uart.o(i.HAL_UART_Transmit_IT), (136 bytes).
    Removing stm32l0xx_hal_uart.o(i.HAL_UART_TxHalfCpltCallback), (2 bytes).
    Removing stm32l0xx_hal_uart.o(i.UART_DMAError), (76 bytes).
    Removing stm32l0xx_hal_uart.o(i.UART_DMAReceiveCplt), (150 bytes).
    Removing stm32l0xx_hal_uart.o(i.UART_DMARxAbortCallback), (64 bytes).
    Removing stm32l0xx_hal_uart.o(i.UART_DMARxHalfCplt), (28 bytes).
    Removing stm32l0xx_hal_uart.o(i.UART_DMARxOnlyAbortCallback), (38 bytes).
    Removing stm32l0xx_hal_uart.o(i.UART_DMATransmitCplt), (76 bytes).
    Removing stm32l0xx_hal_uart.o(i.UART_DMATxAbortCallback), (54 bytes).
    Removing stm32l0xx_hal_uart.o(i.UART_DMATxHalfCplt), (10 bytes).
    Removing stm32l0xx_hal_uart.o(i.UART_DMATxOnlyAbortCallback), (20 bytes).
    Removing stm32l0xx_hal_uart.o(i.UART_EndTxTransfer), (32 bytes).
    Removing stm32l0xx_hal_uart.o(i.UART_Start_Receive_DMA), (176 bytes).
    Removing stm32l0xx_hal_uart.o(i.UART_TxISR_16BIT), (94 bytes).
    Removing stm32l0xx_hal_uart.o(i.UART_TxISR_8BIT), (90 bytes).
    Removing stm32l0xx_hal_uart_ex.o(.rev16_text), (4 bytes).
    Removing stm32l0xx_hal_uart_ex.o(.revsh_text), (4 bytes).
    Removing stm32l0xx_hal_uart_ex.o(i.HAL_MultiProcessorEx_AddressLength_Set), (52 bytes).
    Removing stm32l0xx_hal_uart_ex.o(i.HAL_RS485Ex_Init), (136 bytes).
    Removing stm32l0xx_hal_uart_ex.o(i.HAL_UARTEx_DisableClockStopMode), (50 bytes).
    Removing stm32l0xx_hal_uart_ex.o(i.HAL_UARTEx_DisableStopMode), (48 bytes).
    Removing stm32l0xx_hal_uart_ex.o(i.HAL_UARTEx_EnableClockStopMode), (50 bytes).
    Removing stm32l0xx_hal_uart_ex.o(i.HAL_UARTEx_EnableStopMode), (48 bytes).
    Removing stm32l0xx_hal_uart_ex.o(i.HAL_UARTEx_ReceiveToIdle), (340 bytes).
    Removing stm32l0xx_hal_uart_ex.o(i.HAL_UARTEx_ReceiveToIdle_DMA), (114 bytes).
    Removing stm32l0xx_hal_uart_ex.o(i.HAL_UARTEx_ReceiveToIdle_IT), (114 bytes).
    Removing stm32l0xx_hal_uart_ex.o(i.HAL_UARTEx_StopModeWakeUpSourceConfig), (152 bytes).
    Removing system_stm32l0xx.o(.rev16_text), (4 bytes).
    Removing system_stm32l0xx.o(.revsh_text), (4 bytes).
    Removing system_stm32l0xx.o(i.SystemCoreClockUpdate), (156 bytes).

439 unused section(s) (total 30818 bytes) removed from the image.

==============================================================================

Image Symbol Table

    Local Symbols

    Symbol Name                              Value     Ov Type        Size  Object(Section)

    ../Core/Src/main.c                       0x00000000   Number         0  main.o ABSOLUTE
    ../Core/Src/stm32l0xx_hal_msp.c          0x00000000   Number         0  stm32l0xx_hal_msp.o ABSOLUTE
    ../Core/Src/stm32l0xx_it.c               0x00000000   Number         0  stm32l0xx_it.o ABSOLUTE
    ../Core/Src/system_stm32l0xx.c           0x00000000   Number         0  system_stm32l0xx.o ABSOLUTE
    ../Drivers/STM32L0xx_HAL_Driver/Src/stm32l0xx_hal.c 0x00000000   Number         0  stm32l0xx_hal.o ABSOLUTE
    ../Drivers/STM32L0xx_HAL_Driver/Src/stm32l0xx_hal_cortex.c 0x00000000   Number         0  stm32l0xx_hal_cortex.o ABSOLUTE
    ../Drivers/STM32L0xx_HAL_Driver/Src/stm32l0xx_hal_dma.c 0x00000000   Number         0  stm32l0xx_hal_dma.o ABSOLUTE
    ../Drivers/STM32L0xx_HAL_Driver/Src/stm32l0xx_hal_exti.c 0x00000000   Number         0  stm32l0xx_hal_exti.o ABSOLUTE
    ../Drivers/STM32L0xx_HAL_Driver/Src/stm32l0xx_hal_flash.c 0x00000000   Number         0  stm32l0xx_hal_flash.o ABSOLUTE
    ../Drivers/STM32L0xx_HAL_Driver/Src/stm32l0xx_hal_flash_ex.c 0x00000000   Number         0  stm32l0xx_hal_flash_ex.o ABSOLUTE
    ../Drivers/STM32L0xx_HAL_Driver/Src/stm32l0xx_hal_flash_ramfunc.c 0x00000000   Number         0  stm32l0xx_hal_flash_ramfunc.o ABSOLUTE
    ../Drivers/STM32L0xx_HAL_Driver/Src/stm32l0xx_hal_gpio.c 0x00000000   Number         0  stm32l0xx_hal_gpio.o ABSOLUTE
    ../Drivers/STM32L0xx_HAL_Driver/Src/stm32l0xx_hal_i2c.c 0x00000000   Number         0  stm32l0xx_hal_i2c.o ABSOLUTE
    ../Drivers/STM32L0xx_HAL_Driver/Src/stm32l0xx_hal_i2c_ex.c 0x00000000   Number         0  stm32l0xx_hal_i2c_ex.o ABSOLUTE
    ../Drivers/STM32L0xx_HAL_Driver/Src/stm32l0xx_hal_pwr.c 0x00000000   Number         0  stm32l0xx_hal_pwr.o ABSOLUTE
    ../Drivers/STM32L0xx_HAL_Driver/Src/stm32l0xx_hal_pwr_ex.c 0x00000000   Number         0  stm32l0xx_hal_pwr_ex.o ABSOLUTE
    ../Drivers/STM32L0xx_HAL_Driver/Src/stm32l0xx_hal_rcc.c 0x00000000   Number         0  stm32l0xx_hal_rcc.o ABSOLUTE
    ../Drivers/STM32L0xx_HAL_Driver/Src/stm32l0xx_hal_rcc_ex.c 0x00000000   Number         0  stm32l0xx_hal_rcc_ex.o ABSOLUTE
    ../Drivers/STM32L0xx_HAL_Driver/Src/stm32l0xx_hal_tim.c 0x00000000   Number         0  stm32l0xx_hal_tim.o ABSOLUTE
    ../Drivers/STM32L0xx_HAL_Driver/Src/stm32l0xx_hal_tim_ex.c 0x00000000   Number         0  stm32l0xx_hal_tim_ex.o ABSOLUTE
    ../Drivers/STM32L0xx_HAL_Driver/Src/stm32l0xx_hal_uart.c 0x00000000   Number         0  stm32l0xx_hal_uart.o ABSOLUTE
    ../Drivers/STM32L0xx_HAL_Driver/Src/stm32l0xx_hal_uart_ex.c 0x00000000   Number         0  stm32l0xx_hal_uart_ex.o ABSOLUTE
    ../clib/angel/boardlib.s                 0x00000000   Number         0  boardshut.o ABSOLUTE
    ../clib/angel/boardlib.s                 0x00000000   Number         0  boardinit1.o ABSOLUTE
    ../clib/angel/boardlib.s                 0x00000000   Number         0  boardinit2.o ABSOLUTE
    ../clib/angel/boardlib.s                 0x00000000   Number         0  boardinit3.o ABSOLUTE
    ../clib/angel/handlers.s                 0x00000000   Number         0  __scatter_zi.o ABSOLUTE
    ../clib/angel/handlers.s                 0x00000000   Number         0  __scatter_copy.o ABSOLUTE
    ../clib/angel/kernel.s                   0x00000000   Number         0  __rtentry.o ABSOLUTE
    ../clib/angel/kernel.s                   0x00000000   Number         0  __rtentry4.o ABSOLUTE
    ../clib/angel/kernel.s                   0x00000000   Number         0  __rtentry2.o ABSOLUTE
    ../clib/angel/kernel.s                   0x00000000   Number         0  rtexit.o ABSOLUTE
    ../clib/angel/kernel.s                   0x00000000   Number         0  rtexit2.o ABSOLUTE
    ../clib/angel/rt.s                       0x00000000   Number         0  aeabi_ldiv0.o ABSOLUTE
    ../clib/angel/rt.s                       0x00000000   Number         0  rt_raise.o ABSOLUTE
    ../clib/angel/rt.s                       0x00000000   Number         0  rt_div0.o ABSOLUTE
    ../clib/angel/rt.s                       0x00000000   Number         0  aeabi_idiv0_sigfpe.o ABSOLUTE
    ../clib/angel/rt.s                       0x00000000   Number         0  aeabi_idiv0.o ABSOLUTE
    ../clib/angel/rt.s                       0x00000000   Number         0  aeabi_ldiv0_sigfpe.o ABSOLUTE
    ../clib/angel/scatterp.s                 0x00000000   Number         0  __scatter.o ABSOLUTE
    ../clib/angel/startup.s                  0x00000000   Number         0  __main.o ABSOLUTE
    ../clib/angel/sys.s                      0x00000000   Number         0  indicate_semi.o ABSOLUTE
    ../clib/angel/sys.s                      0x00000000   Number         0  libspace.o ABSOLUTE
    ../clib/angel/sys.s                      0x00000000   Number         0  tempstk.o ABSOLUTE
    ../clib/angel/sys.s                      0x00000000   Number         0  use_no_semi.o ABSOLUTE
    ../clib/angel/sys.s                      0x00000000   Number         0  sys_stackheap_outer.o ABSOLUTE
    ../clib/angel/sysapp.c                   0x00000000   Number         0  sys_command.o ABSOLUTE
    ../clib/angel/sysapp.c                   0x00000000   Number         0  sys_wrch.o ABSOLUTE
    ../clib/angel/sysapp.c                   0x00000000   Number         0  sys_exit.o ABSOLUTE
    ../clib/armsys.c                         0x00000000   Number         0  _get_argv_nomalloc.o ABSOLUTE
    ../clib/armsys.c                         0x00000000   Number         0  no_argv.o ABSOLUTE
    ../clib/armsys.c                         0x00000000   Number         0  argv_veneer.o ABSOLUTE
    ../clib/division.c                       0x00000000   Number         0  lludiv.o ABSOLUTE
    ../clib/division.s                       0x00000000   Number         0  aeabi_sdiv.o ABSOLUTE
    ../clib/division.s                       0x00000000   Number         0  aeabi_sdiv_div0.o ABSOLUTE
    ../clib/heapalloc.c                      0x00000000   Number         0  hrguard.o ABSOLUTE
    ../clib/heapaux.c                        0x00000000   Number         0  heapauxi.o ABSOLUTE
    ../clib/libinit.s                        0x00000000   Number         0  libinit.o ABSOLUTE
    ../clib/libinit.s                        0x00000000   Number         0  libinit2.o ABSOLUTE
    ../clib/libinit.s                        0x00000000   Number         0  libshutdown2.o ABSOLUTE
    ../clib/libinit.s                        0x00000000   Number         0  libshutdown.o ABSOLUTE
    ../clib/memcpset.c                       0x00000000   Number         0  rt_memclr.o ABSOLUTE
    ../clib/signal.c                         0x00000000   Number         0  defsig_pvfn_inner.o ABSOLUTE
    ../clib/signal.c                         0x00000000   Number         0  defsig_other.o ABSOLUTE
    ../clib/signal.c                         0x00000000   Number         0  defsig_segv_inner.o ABSOLUTE
    ../clib/signal.c                         0x00000000   Number         0  defsig_cppl_inner.o ABSOLUTE
    ../clib/signal.c                         0x00000000   Number         0  defsig_rtmem_formal.o ABSOLUTE
    ../clib/signal.c                         0x00000000   Number         0  defsig_rtmem_outer.o ABSOLUTE
    ../clib/signal.c                         0x00000000   Number         0  defsig_general.o ABSOLUTE
    ../clib/signal.c                         0x00000000   Number         0  defsig_fpe_outer.o ABSOLUTE
    ../clib/signal.c                         0x00000000   Number         0  defsig_exit.o ABSOLUTE
    ../clib/signal.c                         0x00000000   Number         0  defsig_rtmem_inner.o ABSOLUTE
    ../clib/signal.c                         0x00000000   Number         0  defsig_abrt_inner.o ABSOLUTE
    ../clib/signal.c                         0x00000000   Number         0  defsig_rtred_inner.o ABSOLUTE
    ../clib/signal.c                         0x00000000   Number         0  defsig_stak_inner.o ABSOLUTE
    ../clib/signal.c                         0x00000000   Number         0  __raise.o ABSOLUTE
    ../clib/signal.c                         0x00000000   Number         0  defsig_fpe_formal.o ABSOLUTE
    ../clib/signal.c                         0x00000000   Number         0  defsig_fpe_inner.o ABSOLUTE
    ../clib/signal.s                         0x00000000   Number         0  defsig.o ABSOLUTE
    ../clib/stdlib.c                         0x00000000   Number         0  exit.o ABSOLUTE
    ../clib/string.c                         0x00000000   Number         0  strcmp.o ABSOLUTE
    ../fplib/cfplib/fpinit.c                 0x00000000   Number         0  fpinit.o ABSOLUTE
    ..\Core\Src\HAL_GPIO.c                   0x00000000   Number         0  hal_gpio.o ABSOLUTE
    ..\Core\Src\HAL_I2C.c                    0x00000000   Number         0  hal_i2c.o ABSOLUTE
    ..\Core\Src\HAL_MAX30100.c               0x00000000   Number         0  hal_max30100.o ABSOLUTE
    ..\Core\Src\HAL_SysCLK_Config.c          0x00000000   Number         0  hal_sysclk_config.o ABSOLUTE
    ..\Core\Src\HAL_TIM2.c                   0x00000000   Number         0  hal_tim2.o ABSOLUTE
    ..\Core\Src\HAL_UART.c                   0x00000000   Number         0  hal_uart.o ABSOLUTE
    ..\Core\Src\main.c                       0x00000000   Number         0  main.o ABSOLUTE
    ..\Core\Src\stm32l0xx_hal_msp.c          0x00000000   Number         0  stm32l0xx_hal_msp.o ABSOLUTE
    ..\Core\Src\stm32l0xx_it.c               0x00000000   Number         0  stm32l0xx_it.o ABSOLUTE
    ..\Core\Src\system_stm32l0xx.c           0x00000000   Number         0  system_stm32l0xx.o ABSOLUTE
    ..\Drivers\STM32L0xx_HAL_Driver\Src\stm32l0xx_hal.c 0x00000000   Number         0  stm32l0xx_hal.o ABSOLUTE
    ..\Drivers\STM32L0xx_HAL_Driver\Src\stm32l0xx_hal_cortex.c 0x00000000   Number         0  stm32l0xx_hal_cortex.o ABSOLUTE
    ..\Drivers\STM32L0xx_HAL_Driver\Src\stm32l0xx_hal_dma.c 0x00000000   Number         0  stm32l0xx_hal_dma.o ABSOLUTE
    ..\Drivers\STM32L0xx_HAL_Driver\Src\stm32l0xx_hal_exti.c 0x00000000   Number         0  stm32l0xx_hal_exti.o ABSOLUTE
    ..\Drivers\STM32L0xx_HAL_Driver\Src\stm32l0xx_hal_flash.c 0x00000000   Number         0  stm32l0xx_hal_flash.o ABSOLUTE
    ..\Drivers\STM32L0xx_HAL_Driver\Src\stm32l0xx_hal_flash_ex.c 0x00000000   Number         0  stm32l0xx_hal_flash_ex.o ABSOLUTE
    ..\Drivers\STM32L0xx_HAL_Driver\Src\stm32l0xx_hal_flash_ramfunc.c 0x00000000   Number         0  stm32l0xx_hal_flash_ramfunc.o ABSOLUTE
    ..\Drivers\STM32L0xx_HAL_Driver\Src\stm32l0xx_hal_gpio.c 0x00000000   Number         0  stm32l0xx_hal_gpio.o ABSOLUTE
    ..\Drivers\STM32L0xx_HAL_Driver\Src\stm32l0xx_hal_i2c.c 0x00000000   Number         0  stm32l0xx_hal_i2c.o ABSOLUTE
    ..\Drivers\STM32L0xx_HAL_Driver\Src\stm32l0xx_hal_i2c_ex.c 0x00000000   Number         0  stm32l0xx_hal_i2c_ex.o ABSOLUTE
    ..\Drivers\STM32L0xx_HAL_Driver\Src\stm32l0xx_hal_pwr.c 0x00000000   Number         0  stm32l0xx_hal_pwr.o ABSOLUTE
    ..\Drivers\STM32L0xx_HAL_Driver\Src\stm32l0xx_hal_pwr_ex.c 0x00000000   Number         0  stm32l0xx_hal_pwr_ex.o ABSOLUTE
    ..\Drivers\STM32L0xx_HAL_Driver\Src\stm32l0xx_hal_rcc.c 0x00000000   Number         0  stm32l0xx_hal_rcc.o ABSOLUTE
    ..\Drivers\STM32L0xx_HAL_Driver\Src\stm32l0xx_hal_rcc_ex.c 0x00000000   Number         0  stm32l0xx_hal_rcc_ex.o ABSOLUTE
    ..\Drivers\STM32L0xx_HAL_Driver\Src\stm32l0xx_hal_tim.c 0x00000000   Number         0  stm32l0xx_hal_tim.o ABSOLUTE
    ..\Drivers\STM32L0xx_HAL_Driver\Src\stm32l0xx_hal_tim_ex.c 0x00000000   Number         0  stm32l0xx_hal_tim_ex.o ABSOLUTE
    ..\Drivers\STM32L0xx_HAL_Driver\Src\stm32l0xx_hal_uart.c 0x00000000   Number         0  stm32l0xx_hal_uart.o ABSOLUTE
    ..\Drivers\STM32L0xx_HAL_Driver\Src\stm32l0xx_hal_uart_ex.c 0x00000000   Number         0  stm32l0xx_hal_uart_ex.o ABSOLUTE
    ..\\Core\\Src\\HAL_GPIO.c                0x00000000   Number         0  hal_gpio.o ABSOLUTE
    ..\\Core\\Src\\HAL_I2C.c                 0x00000000   Number         0  hal_i2c.o ABSOLUTE
    ..\\Core\\Src\\HAL_MAX30100.c            0x00000000   Number         0  hal_max30100.o ABSOLUTE
    ..\\Core\\Src\\HAL_SysCLK_Config.c       0x00000000   Number         0  hal_sysclk_config.o ABSOLUTE
    ..\\Core\\Src\\HAL_TIM2.c                0x00000000   Number         0  hal_tim2.o ABSOLUTE
    ..\\Core\\Src\\HAL_UART.c                0x00000000   Number         0  hal_uart.o ABSOLUTE
    dc.s                                     0x00000000   Number         0  dc.o ABSOLUTE
    startup_stm32l031xx.s                    0x00000000   Number         0  startup_stm32l031xx.o ABSOLUTE
    RESET                                    0x08000000   Section      192  startup_stm32l031xx.o(RESET)
    !!!main                                  0x080000c0   Section        8  __main.o(!!!main)
    !!!scatter                               0x080000c8   Section       60  __scatter.o(!!!scatter)
    !!handler_copy                           0x08000104   Section       26  __scatter_copy.o(!!handler_copy)
    !!handler_zi                             0x08000120   Section       28  __scatter_zi.o(!!handler_zi)
    .ARM.Collect$$libinit$$00000000          0x0800013c   Section        2  libinit.o(.ARM.Collect$$libinit$$00000000)
    .ARM.Collect$$libinit$$00000002          0x0800013e   Section        0  libinit2.o(.ARM.Collect$$libinit$$00000002)
    .ARM.Collect$$libinit$$00000004          0x0800013e   Section        0  libinit2.o(.ARM.Collect$$libinit$$00000004)
    .ARM.Collect$$libinit$$0000000A          0x0800013e   Section        0  libinit2.o(.ARM.Collect$$libinit$$0000000A)
    .ARM.Collect$$libinit$$0000000C          0x0800013e   Section        0  libinit2.o(.ARM.Collect$$libinit$$0000000C)
    .ARM.Collect$$libinit$$0000000E          0x0800013e   Section        0  libinit2.o(.ARM.Collect$$libinit$$0000000E)
    .ARM.Collect$$libinit$$00000011          0x0800013e   Section        0  libinit2.o(.ARM.Collect$$libinit$$00000011)
    .ARM.Collect$$libinit$$00000013          0x0800013e   Section        0  libinit2.o(.ARM.Collect$$libinit$$00000013)
    .ARM.Collect$$libinit$$00000015          0x0800013e   Section        0  libinit2.o(.ARM.Collect$$libinit$$00000015)
    .ARM.Collect$$libinit$$00000017          0x0800013e   Section        0  libinit2.o(.ARM.Collect$$libinit$$00000017)
    .ARM.Collect$$libinit$$00000019          0x0800013e   Section        0  libinit2.o(.ARM.Collect$$libinit$$00000019)
    .ARM.Collect$$libinit$$0000001B          0x0800013e   Section        0  libinit2.o(.ARM.Collect$$libinit$$0000001B)
    .ARM.Collect$$libinit$$0000001D          0x0800013e   Section        0  libinit2.o(.ARM.Collect$$libinit$$0000001D)
    .ARM.Collect$$libinit$$0000001F          0x0800013e   Section        0  libinit2.o(.ARM.Collect$$libinit$$0000001F)
    .ARM.Collect$$libinit$$00000021          0x0800013e   Section        0  libinit2.o(.ARM.Collect$$libinit$$00000021)
    .ARM.Collect$$libinit$$00000023          0x0800013e   Section        0  libinit2.o(.ARM.Collect$$libinit$$00000023)
    .ARM.Collect$$libinit$$00000025          0x0800013e   Section        0  libinit2.o(.ARM.Collect$$libinit$$00000025)
    .ARM.Collect$$libinit$$0000002C          0x0800013e   Section        0  libinit2.o(.ARM.Collect$$libinit$$0000002C)
    .ARM.Collect$$libinit$$0000002E          0x0800013e   Section        0  libinit2.o(.ARM.Collect$$libinit$$0000002E)
    .ARM.Collect$$libinit$$00000030          0x0800013e   Section        0  libinit2.o(.ARM.Collect$$libinit$$00000030)
    .ARM.Collect$$libinit$$00000032          0x0800013e   Section        0  libinit2.o(.ARM.Collect$$libinit$$00000032)
    .ARM.Collect$$libinit$$00000033          0x0800013e   Section        2  libinit2.o(.ARM.Collect$$libinit$$00000033)
    .ARM.Collect$$libshutdown$$00000000      0x08000140   Section        2  libshutdown.o(.ARM.Collect$$libshutdown$$00000000)
    .ARM.Collect$$libshutdown$$00000002      0x08000142   Section        0  libshutdown2.o(.ARM.Collect$$libshutdown$$00000002)
    .ARM.Collect$$libshutdown$$00000004      0x08000142   Section        0  libshutdown2.o(.ARM.Collect$$libshutdown$$00000004)
    .ARM.Collect$$libshutdown$$00000006      0x08000142   Section        0  libshutdown2.o(.ARM.Collect$$libshutdown$$00000006)
    .ARM.Collect$$libshutdown$$00000009      0x08000142   Section        0  libshutdown2.o(.ARM.Collect$$libshutdown$$00000009)
    .ARM.Collect$$libshutdown$$0000000C      0x08000142   Section        0  libshutdown2.o(.ARM.Collect$$libshutdown$$0000000C)
    .ARM.Collect$$libshutdown$$0000000E      0x08000142   Section        0  libshutdown2.o(.ARM.Collect$$libshutdown$$0000000E)
    .ARM.Collect$$libshutdown$$00000011      0x08000142   Section        0  libshutdown2.o(.ARM.Collect$$libshutdown$$00000011)
    .ARM.Collect$$libshutdown$$00000012      0x08000142   Section        2  libshutdown2.o(.ARM.Collect$$libshutdown$$00000012)
    .ARM.Collect$$rtentry$$00000000          0x08000144   Section        0  __rtentry.o(.ARM.Collect$$rtentry$$00000000)
    .ARM.Collect$$rtentry$$00000002          0x08000144   Section        0  __rtentry2.o(.ARM.Collect$$rtentry$$00000002)
    .ARM.Collect$$rtentry$$00000004          0x08000144   Section        6  __rtentry4.o(.ARM.Collect$$rtentry$$00000004)
    .ARM.Collect$$rtentry$$00000009          0x0800014a   Section        0  __rtentry2.o(.ARM.Collect$$rtentry$$00000009)
    .ARM.Collect$$rtentry$$0000000A          0x0800014a   Section        4  __rtentry2.o(.ARM.Collect$$rtentry$$0000000A)
    .ARM.Collect$$rtentry$$0000000C          0x0800014e   Section        0  __rtentry2.o(.ARM.Collect$$rtentry$$0000000C)
    .ARM.Collect$$rtentry$$0000000D          0x0800014e   Section        8  __rtentry2.o(.ARM.Collect$$rtentry$$0000000D)
    .ARM.Collect$$rtexit$$00000000           0x08000156   Section        2  rtexit.o(.ARM.Collect$$rtexit$$00000000)
    .ARM.Collect$$rtexit$$00000002           0x08000158   Section        0  rtexit2.o(.ARM.Collect$$rtexit$$00000002)
    .ARM.Collect$$rtexit$$00000003           0x08000158   Section        4  rtexit2.o(.ARM.Collect$$rtexit$$00000003)
    .ARM.Collect$$rtexit$$00000004           0x0800015c   Section        6  rtexit2.o(.ARM.Collect$$rtexit$$00000004)
    .text                                    0x08000164   Section       56  startup_stm32l031xx.o(.text)
    .text                                    0x0800019c   Section        0  lludiv.o(.text)
    .text                                    0x0800029e   Section        0  rt_memclr.o(.text)
    .text                                    0x080002e0   Section        0  strcmp.o(.text)
    .text                                    0x08000368   Section      346  aeabi_sdiv.o(.text)
    .text                                    0x080004c2   Section        0  heapauxi.o(.text)
    .text                                    0x080004c8   Section       62  sys_stackheap_outer.o(.text)
    .text                                    0x08000506   Section        0  exit.o(.text)
    .text                                    0x08000518   Section        8  libspace.o(.text)
    .text                                    0x08000520   Section        0  sys_exit.o(.text)
    .text                                    0x0800052c   Section        2  use_no_semi.o(.text)
    .text                                    0x0800052e   Section        0  indicate_semi.o(.text)
    i.Error_Handler                          0x0800052e   Section        0  main.o(i.Error_Handler)
    i.GPIO_Init                              0x08000532   Section        0  hal_gpio.o(i.GPIO_Init)
    i.HAL_DMA_Abort                          0x0800053a   Section        0  stm32l0xx_hal_dma.o(i.HAL_DMA_Abort)
    i.HAL_DMA_Abort_IT                       0x0800057e   Section        0  stm32l0xx_hal_dma.o(i.HAL_DMA_Abort_IT)
    i.HAL_GPIO_Init                          0x080005cc   Section        0  stm32l0xx_hal_gpio.o(i.HAL_GPIO_Init)
    i.HAL_GPIO_WritePin                      0x0800076c   Section        0  stm32l0xx_hal_gpio.o(i.HAL_GPIO_WritePin)
    i.HAL_GetTick                            0x08000778   Section        0  stm32l0xx_hal.o(i.HAL_GetTick)
    i.HAL_I2CEx_ConfigAnalogFilter           0x08000784   Section        0  stm32l0xx_hal_i2c_ex.o(i.HAL_I2CEx_ConfigAnalogFilter)
    i.HAL_I2CEx_ConfigDigitalFilter          0x080007ce   Section        0  stm32l0xx_hal_i2c_ex.o(i.HAL_I2CEx_ConfigDigitalFilter)
    i.HAL_I2C_Init                           0x08000818   Section        0  stm32l0xx_hal_i2c.o(i.HAL_I2C_Init)
    i.HAL_I2C_Master_Receive                 0x080008cc   Section        0  stm32l0xx_hal_i2c.o(i.HAL_I2C_Master_Receive)
    i.HAL_I2C_Master_Transmit                0x080009dc   Section        0  stm32l0xx_hal_i2c.o(i.HAL_I2C_Master_Transmit)
    i.HAL_I2C_MspInit                        0x08000aec   Section        0  stm32l0xx_hal_msp.o(i.HAL_I2C_MspInit)
    i.HAL_IncTick                            0x08000b48   Section        0  stm32l0xx_hal.o(i.HAL_IncTick)
    i.HAL_Init                               0x08000b58   Section        0  stm32l0xx_hal.o(i.HAL_Init)
    i.HAL_InitTick                           0x08000b80   Section        0  stm32l0xx_hal.o(i.HAL_InitTick)
    i.HAL_MAX30100_ClearFIFO                 0x08000bc4   Section        0  hal_max30100.o(i.HAL_MAX30100_ClearFIFO)
    i.HAL_MAX30100_Init                      0x08000be0   Section        0  hal_max30100.o(i.HAL_MAX30100_Init)
    i.HAL_MAX30100_ReadFIFO                  0x08000bf0   Section        0  hal_max30100.o(i.HAL_MAX30100_ReadFIFO)
    i.HAL_MAX30100_ReadReg                   0x08000c60   Section        0  hal_max30100.o(i.HAL_MAX30100_ReadReg)
    i.HAL_MAX30100_SetLEDCurrent             0x08000c90   Section        0  hal_max30100.o(i.HAL_MAX30100_SetLEDCurrent)
    i.HAL_MAX30100_SetLEDPulseWidth          0x08000cac   Section        0  hal_max30100.o(i.HAL_MAX30100_SetLEDPulseWidth)
    i.HAL_MAX30100_SetMode                   0x08000cc8   Section        0  hal_max30100.o(i.HAL_MAX30100_SetMode)
    i.HAL_MAX30100_SetSpO2SampleRate         0x08000cfc   Section        0  hal_max30100.o(i.HAL_MAX30100_SetSpO2SampleRate)
    i.HAL_MAX30100_WriteReg                  0x08000d18   Section        0  hal_max30100.o(i.HAL_MAX30100_WriteReg)
    i.HAL_MspInit                            0x08000d38   Section        0  stm32l0xx_hal_msp.o(i.HAL_MspInit)
    i.HAL_NVIC_EnableIRQ                     0x08000d50   Section        0  stm32l0xx_hal_cortex.o(i.HAL_NVIC_EnableIRQ)
    i.HAL_NVIC_SetPriority                   0x08000d68   Section        0  stm32l0xx_hal_cortex.o(i.HAL_NVIC_SetPriority)
    i.HAL_RCCEx_PeriphCLKConfig              0x08000d70   Section        0  stm32l0xx_hal_rcc_ex.o(i.HAL_RCCEx_PeriphCLKConfig)
    i.HAL_RCC_ClockConfig                    0x08000ec0   Section        0  stm32l0xx_hal_rcc.o(i.HAL_RCC_ClockConfig)
    i.HAL_RCC_GetPCLK1Freq                   0x0800105c   Section        0  stm32l0xx_hal_rcc.o(i.HAL_RCC_GetPCLK1Freq)
    i.HAL_RCC_GetPCLK2Freq                   0x0800107c   Section        0  stm32l0xx_hal_rcc.o(i.HAL_RCC_GetPCLK2Freq)
    i.HAL_RCC_GetSysClockFreq                0x0800109c   Section        0  stm32l0xx_hal_rcc.o(i.HAL_RCC_GetSysClockFreq)
    i.HAL_RCC_OscConfig                      0x08001114   Section        0  stm32l0xx_hal_rcc.o(i.HAL_RCC_OscConfig)
    i.HAL_SYSTICK_Config                     0x08001548   Section        0  stm32l0xx_hal_cortex.o(i.HAL_SYSTICK_Config)
    i.HAL_TIMEx_MasterConfigSynchronization  0x08001578   Section        0  stm32l0xx_hal_tim_ex.o(i.HAL_TIMEx_MasterConfigSynchronization)
    i.HAL_TIM_Base_Init                      0x080015d0   Section        0  stm32l0xx_hal_tim.o(i.HAL_TIM_Base_Init)
    i.HAL_TIM_Base_MspInit                   0x08001610   Section        0  stm32l0xx_hal_msp.o(i.HAL_TIM_Base_MspInit)
    i.HAL_TIM_ConfigClockSource              0x0800162c   Section        0  stm32l0xx_hal_tim.o(i.HAL_TIM_ConfigClockSource)
    i.HAL_TIM_SlaveConfigSynchro             0x08001708   Section        0  stm32l0xx_hal_tim.o(i.HAL_TIM_SlaveConfigSynchro)
    i.HAL_UARTEx_RxEventCallback             0x08001754   Section        0  stm32l0xx_hal_uart.o(i.HAL_UARTEx_RxEventCallback)
    i.HAL_UARTEx_WakeupCallback              0x08001756   Section        0  stm32l0xx_hal_uart_ex.o(i.HAL_UARTEx_WakeupCallback)
    i.HAL_UART_ErrorCallback                 0x08001758   Section        0  stm32l0xx_hal_uart.o(i.HAL_UART_ErrorCallback)
    i.HAL_UART_IRQHandler                    0x0800175c   Section        0  stm32l0xx_hal_uart.o(i.HAL_UART_IRQHandler)
    i.HAL_UART_Init                          0x08001a00   Section        0  stm32l0xx_hal_uart.o(i.HAL_UART_Init)
    i.HAL_UART_MspInit                       0x08001a6c   Section        0  stm32l0xx_hal_msp.o(i.HAL_UART_MspInit)
    i.HAL_UART_Read                          0x08001ad8   Section        0  hal_uart.o(i.HAL_UART_Read)
    i.HAL_UART_Receive_IT                    0x08001ae0   Section        0  stm32l0xx_hal_uart.o(i.HAL_UART_Receive_IT)
    i.HAL_UART_RxCpltCallback                0x08001b50   Section        0  main.o(i.HAL_UART_RxCpltCallback)
    i.HAL_UART_Transmit                      0x08001bc0   Section        0  stm32l0xx_hal_uart.o(i.HAL_UART_Transmit)
    i.HAL_UART_TxCpltCallback                0x08001c92   Section        0  stm32l0xx_hal_uart.o(i.HAL_UART_TxCpltCallback)
    i.HAL_UART_Write                         0x08001c94   Section        0  hal_uart.o(i.HAL_UART_Write)
    i.HardFault_Handler                      0x08001ca0   Section        0  stm32l0xx_it.o(i.HardFault_Handler)
    i.I2C_Flush_TXDR                         0x08001ca2   Section        0  stm32l0xx_hal_i2c.o(i.I2C_Flush_TXDR)
    I2C_Flush_TXDR                           0x08001ca3   Thumb Code    34  stm32l0xx_hal_i2c.o(i.I2C_Flush_TXDR)
    i.I2C_Init                               0x08001cc4   Section        0  hal_i2c.o(i.I2C_Init)
    i.I2C_IsAcknowledgeFailed                0x08001ccc   Section        0  stm32l0xx_hal_i2c.o(i.I2C_IsAcknowledgeFailed)
    I2C_IsAcknowledgeFailed                  0x08001ccd   Thumb Code   130  stm32l0xx_hal_i2c.o(i.I2C_IsAcknowledgeFailed)
    i.I2C_TransferConfig                     0x08001d54   Section        0  stm32l0xx_hal_i2c.o(i.I2C_TransferConfig)
    I2C_TransferConfig                       0x08001d55   Thumb Code    34  stm32l0xx_hal_i2c.o(i.I2C_TransferConfig)
    i.I2C_WaitOnFlagUntilTimeout             0x08001d7c   Section        0  stm32l0xx_hal_i2c.o(i.I2C_WaitOnFlagUntilTimeout)
    I2C_WaitOnFlagUntilTimeout               0x08001d7d   Thumb Code    78  stm32l0xx_hal_i2c.o(i.I2C_WaitOnFlagUntilTimeout)
    i.I2C_WaitOnRXNEFlagUntilTimeout         0x08001dcc   Section        0  stm32l0xx_hal_i2c.o(i.I2C_WaitOnRXNEFlagUntilTimeout)
    I2C_WaitOnRXNEFlagUntilTimeout           0x08001dcd   Thumb Code   122  stm32l0xx_hal_i2c.o(i.I2C_WaitOnRXNEFlagUntilTimeout)
    i.I2C_WaitOnSTOPFlagUntilTimeout         0x08001e4c   Section        0  stm32l0xx_hal_i2c.o(i.I2C_WaitOnSTOPFlagUntilTimeout)
    I2C_WaitOnSTOPFlagUntilTimeout           0x08001e4d   Thumb Code    76  stm32l0xx_hal_i2c.o(i.I2C_WaitOnSTOPFlagUntilTimeout)
    i.I2C_WaitOnTXISFlagUntilTimeout         0x08001e98   Section        0  stm32l0xx_hal_i2c.o(i.I2C_WaitOnTXISFlagUntilTimeout)
    I2C_WaitOnTXISFlagUntilTimeout           0x08001e99   Thumb Code    80  stm32l0xx_hal_i2c.o(i.I2C_WaitOnTXISFlagUntilTimeout)
    i.MX_GPIO_Init                           0x08001ee8   Section        0  hal_gpio.o(i.MX_GPIO_Init)
    MX_GPIO_Init                             0x08001ee9   Thumb Code    94  hal_gpio.o(i.MX_GPIO_Init)
    i.MX_I2C1_Init                           0x08001f4c   Section        0  hal_i2c.o(i.MX_I2C1_Init)
    MX_I2C1_Init                             0x08001f4d   Thumb Code    76  hal_i2c.o(i.MX_I2C1_Init)
    i.MX_TIM2_Init                           0x08001fa0   Section        0  hal_tim2.o(i.MX_TIM2_Init)
    MX_TIM2_Init                             0x08001fa1   Thumb Code   126  hal_tim2.o(i.MX_TIM2_Init)
    i.MX_USART2_UART_Init                    0x08002028   Section        0  hal_uart.o(i.MX_USART2_UART_Init)
    MX_USART2_UART_Init                      0x08002029   Thumb Code    48  hal_uart.o(i.MX_USART2_UART_Init)
    i.NMI_Handler                            0x08002060   Section        0  stm32l0xx_it.o(i.NMI_Handler)
    i.PendSV_Handler                         0x08002062   Section        0  stm32l0xx_it.o(i.PendSV_Handler)
    i.SVC_Handler                            0x08002064   Section        0  stm32l0xx_it.o(i.SVC_Handler)
    i.SysClock_Config                        0x08002066   Section        0  hal_sysclk_config.o(i.SysClock_Config)
    i.SysTick_Handler                        0x0800206e   Section        0  stm32l0xx_it.o(i.SysTick_Handler)
    i.SystemClock_Config                     0x08002078   Section        0  hal_sysclk_config.o(i.SystemClock_Config)
    i.SystemInit                             0x08002108   Section        0  system_stm32l0xx.o(i.SystemInit)
    i.TIM2_Init                              0x0800210a   Section        0  hal_tim2.o(i.TIM2_Init)
    i.TIM_Base_SetConfig                     0x08002114   Section        0  stm32l0xx_hal_tim.o(i.TIM_Base_SetConfig)
    TIM_Base_SetConfig                       0x08002115   Thumb Code    78  stm32l0xx_hal_tim.o(i.TIM_Base_SetConfig)
    i.TIM_ETR_SetConfig                      0x0800216c   Section        0  stm32l0xx_hal_tim.o(i.TIM_ETR_SetConfig)
    TIM_ETR_SetConfig                        0x0800216d   Thumb Code    22  stm32l0xx_hal_tim.o(i.TIM_ETR_SetConfig)
    i.TIM_ITRx_SetConfig                     0x08002182   Section        0  stm32l0xx_hal_tim.o(i.TIM_ITRx_SetConfig)
    TIM_ITRx_SetConfig                       0x08002183   Thumb Code    16  stm32l0xx_hal_tim.o(i.TIM_ITRx_SetConfig)
    i.TIM_SlaveTimer_SetConfig               0x08002192   Section        0  stm32l0xx_hal_tim.o(i.TIM_SlaveTimer_SetConfig)
    TIM_SlaveTimer_SetConfig                 0x08002193   Thumb Code   140  stm32l0xx_hal_tim.o(i.TIM_SlaveTimer_SetConfig)
    i.TIM_TI1_ConfigInputStage               0x0800221e   Section        0  stm32l0xx_hal_tim.o(i.TIM_TI1_ConfigInputStage)
    TIM_TI1_ConfigInputStage                 0x0800221f   Thumb Code    34  stm32l0xx_hal_tim.o(i.TIM_TI1_ConfigInputStage)
    i.TIM_TI2_ConfigInputStage               0x08002240   Section        0  stm32l0xx_hal_tim.o(i.TIM_TI2_ConfigInputStage)
    TIM_TI2_ConfigInputStage                 0x08002241   Thumb Code    38  stm32l0xx_hal_tim.o(i.TIM_TI2_ConfigInputStage)
    i.UART_AdvFeatureConfig                  0x08002266   Section        0  stm32l0xx_hal_uart.o(i.UART_AdvFeatureConfig)
    i.UART_CheckIdleState                    0x08002330   Section        0  stm32l0xx_hal_uart.o(i.UART_CheckIdleState)
    i.UART_DMAAbortOnError                   0x08002394   Section        0  stm32l0xx_hal_uart.o(i.UART_DMAAbortOnError)
    UART_DMAAbortOnError                     0x08002395   Thumb Code    20  stm32l0xx_hal_uart.o(i.UART_DMAAbortOnError)
    i.UART_EndRxTransfer                     0x080023a8   Section        0  stm32l0xx_hal_uart.o(i.UART_EndRxTransfer)
    UART_EndRxTransfer                       0x080023a9   Thumb Code    94  stm32l0xx_hal_uart.o(i.UART_EndRxTransfer)
    i.UART_Init                              0x08002406   Section        0  hal_uart.o(i.UART_Init)
    i.UART_RxISR_16BIT                       0x0800240e   Section        0  stm32l0xx_hal_uart.o(i.UART_RxISR_16BIT)
    UART_RxISR_16BIT                         0x0800240f   Thumb Code   168  stm32l0xx_hal_uart.o(i.UART_RxISR_16BIT)
    i.UART_RxISR_8BIT                        0x080024b6   Section        0  stm32l0xx_hal_uart.o(i.UART_RxISR_8BIT)
    UART_RxISR_8BIT                          0x080024b7   Thumb Code   168  stm32l0xx_hal_uart.o(i.UART_RxISR_8BIT)
    i.UART_SetConfig                         0x08002560   Section        0  stm32l0xx_hal_uart.o(i.UART_SetConfig)
    i.UART_Start_Receive_IT                  0x0800273c   Section        0  stm32l0xx_hal_uart.o(i.UART_Start_Receive_IT)
    i.UART_WaitOnFlagUntilTimeout            0x080027f0   Section        0  stm32l0xx_hal_uart.o(i.UART_WaitOnFlagUntilTimeout)
    i.USART2_IRQHandler                      0x080028c4   Section        0  stm32l0xx_it.o(i.USART2_IRQHandler)
    i.__ARM_common_ll_muluu                  0x080028d4   Section        0  stm32l0xx_hal_rcc.o(i.__ARM_common_ll_muluu)
    i.__ARM_common_switch8                   0x08002904   Section        0  stm32l0xx_hal_dma.o(i.__ARM_common_switch8)
    i.__NVIC_SetPriority                     0x08002920   Section        0  stm32l0xx_hal_cortex.o(i.__NVIC_SetPriority)
    __NVIC_SetPriority                       0x08002921   Thumb Code    60  stm32l0xx_hal_cortex.o(i.__NVIC_SetPriority)
    i.main                                   0x08002964   Section        0  main.o(i.main)
    .constdata                               0x080029b0   Section       25  system_stm32l0xx.o(.constdata)
    .constdata                               0x080029c9   Section        8  system_stm32l0xx.o(.constdata)
    .data                                    0x20000000   Section       25  main.o(.data)
    .data                                    0x2000001c   Section        8  hal_max30100.o(.data)
    .data                                    0x20000024   Section       12  stm32l0xx_hal.o(.data)
    .data                                    0x20000030   Section        4  system_stm32l0xx.o(.data)
    .bss                                     0x20000034   Section      256  main.o(.bss)
    .bss                                     0x20000134   Section       64  main.o(.bss)
    .bss                                     0x20000174   Section       96  libspace.o(.bss)
    HEAP                                     0x200001d8   Section      512  startup_stm32l031xx.o(HEAP)
    Heap_Mem                                 0x200001d8   Data         512  startup_stm32l031xx.o(HEAP)
    STACK                                    0x200003d8   Section     1024  startup_stm32l031xx.o(STACK)
    Stack_Mem                                0x200003d8   Data        1024  startup_stm32l031xx.o(STACK)
    __initial_sp                             0x200007d8   Data           0  startup_stm32l031xx.o(STACK)

    Global Symbols

    Symbol Name                              Value     Ov Type        Size  Object(Section)

    BuildAttributes$$THM_ISAv3M$S$PE$A:L22$X:L11$S22$IEEE1$IW$USESV6$~STKCKD$USESV7$~SHL$OSPACE$ROPI$EBA8$UX$STANDARDLIB$REQ8$PRES8$EABIv2 0x00000000   Number         0  anon$$obj.o ABSOLUTE
    __ARM_use_no_argv                        0x00000000   Number         0  main.o ABSOLUTE
    __ARM_exceptions_init                     - Undefined Weak Reference
    __alloca_initialize                       - Undefined Weak Reference
    __arm_fini_                               - Undefined Weak Reference
    __arm_preinit_                            - Undefined Weak Reference
    __cpp_initialize__aeabi_                  - Undefined Weak Reference
    __cxa_finalize                            - Undefined Weak Reference
    __rt_locale                               - Undefined Weak Reference
    __sigvec_lookup                           - Undefined Weak Reference
    _atexit_init                              - Undefined Weak Reference
    _call_atexit_fns                          - Undefined Weak Reference
    _clock_init                               - Undefined Weak Reference
    _fp_trap_init                             - Undefined Weak Reference
    _fp_trap_shutdown                         - Undefined Weak Reference
    _get_lc_collate                           - Undefined Weak Reference
    _get_lc_ctype                             - Undefined Weak Reference
    _get_lc_monetary                          - Undefined Weak Reference
    _get_lc_numeric                           - Undefined Weak Reference
    _get_lc_time                              - Undefined Weak Reference
    _getenv_init                              - Undefined Weak Reference
    _handle_redirection                       - Undefined Weak Reference
    _init_alloc                               - Undefined Weak Reference
    _init_user_alloc                          - Undefined Weak Reference
    _initio                                   - Undefined Weak Reference
    _rand_init                                - Undefined Weak Reference
    _signal_finish                            - Undefined Weak Reference
    _signal_init                              - Undefined Weak Reference
    _terminate_alloc                          - Undefined Weak Reference
    _terminate_user_alloc                     - Undefined Weak Reference
    _terminateio                              - Undefined Weak Reference
    __Vectors_Size                           0x000000c0   Number         0  startup_stm32l031xx.o ABSOLUTE
    __Vectors                                0x08000000   Data           4  startup_stm32l031xx.o(RESET)
    __Vectors_End                            0x080000c0   Data           0  startup_stm32l031xx.o(RESET)
    __main                                   0x080000c1   Thumb Code     8  __main.o(!!!main)
    __scatterload                            0x080000c9   Thumb Code     0  __scatter.o(!!!scatter)
    __scatterload_rt2                        0x080000c9   Thumb Code    52  __scatter.o(!!!scatter)
    __scatterload_rt2_thumb_only             0x080000c9   Thumb Code     0  __scatter.o(!!!scatter)
    __scatterload_null                       0x080000d9   Thumb Code     0  __scatter.o(!!!scatter)
    __scatterload_copy                       0x08000105   Thumb Code    26  __scatter_copy.o(!!handler_copy)
    __scatterload_zeroinit                   0x08000121   Thumb Code    28  __scatter_zi.o(!!handler_zi)
    __rt_lib_init                            0x0800013d   Thumb Code     0  libinit.o(.ARM.Collect$$libinit$$00000000)
    __rt_lib_init_alloca_1                   0x0800013f   Thumb Code     0  libinit2.o(.ARM.Collect$$libinit$$0000002E)
    __rt_lib_init_argv_1                     0x0800013f   Thumb Code     0  libinit2.o(.ARM.Collect$$libinit$$0000002C)
    __rt_lib_init_atexit_1                   0x0800013f   Thumb Code     0  libinit2.o(.ARM.Collect$$libinit$$0000001B)
    __rt_lib_init_clock_1                    0x0800013f   Thumb Code     0  libinit2.o(.ARM.Collect$$libinit$$00000021)
    __rt_lib_init_cpp_1                      0x0800013f   Thumb Code     0  libinit2.o(.ARM.Collect$$libinit$$00000032)
    __rt_lib_init_exceptions_1               0x0800013f   Thumb Code     0  libinit2.o(.ARM.Collect$$libinit$$00000030)
    __rt_lib_init_fp_1                       0x0800013f   Thumb Code     0  libinit2.o(.ARM.Collect$$libinit$$00000002)
    __rt_lib_init_fp_trap_1                  0x0800013f   Thumb Code     0  libinit2.o(.ARM.Collect$$libinit$$0000001F)
    __rt_lib_init_getenv_1                   0x0800013f   Thumb Code     0  libinit2.o(.ARM.Collect$$libinit$$00000023)
    __rt_lib_init_heap_1                     0x0800013f   Thumb Code     0  libinit2.o(.ARM.Collect$$libinit$$0000000A)
    __rt_lib_init_lc_collate_1               0x0800013f   Thumb Code     0  libinit2.o(.ARM.Collect$$libinit$$00000011)
    __rt_lib_init_lc_ctype_1                 0x0800013f   Thumb Code     0  libinit2.o(.ARM.Collect$$libinit$$00000013)
    __rt_lib_init_lc_monetary_1              0x0800013f   Thumb Code     0  libinit2.o(.ARM.Collect$$libinit$$00000015)
    __rt_lib_init_lc_numeric_1               0x0800013f   Thumb Code     0  libinit2.o(.ARM.Collect$$libinit$$00000017)
    __rt_lib_init_lc_time_1                  0x0800013f   Thumb Code     0  libinit2.o(.ARM.Collect$$libinit$$00000019)
    __rt_lib_init_preinit_1                  0x0800013f   Thumb Code     0  libinit2.o(.ARM.Collect$$libinit$$00000004)
    __rt_lib_init_rand_1                     0x0800013f   Thumb Code     0  libinit2.o(.ARM.Collect$$libinit$$0000000E)
    __rt_lib_init_return                     0x0800013f   Thumb Code     0  libinit2.o(.ARM.Collect$$libinit$$00000033)
    __rt_lib_init_signal_1                   0x0800013f   Thumb Code     0  libinit2.o(.ARM.Collect$$libinit$$0000001D)
    __rt_lib_init_stdio_1                    0x0800013f   Thumb Code     0  libinit2.o(.ARM.Collect$$libinit$$00000025)
    __rt_lib_init_user_alloc_1               0x0800013f   Thumb Code     0  libinit2.o(.ARM.Collect$$libinit$$0000000C)
    __rt_lib_shutdown                        0x08000141   Thumb Code     0  libshutdown.o(.ARM.Collect$$libshutdown$$00000000)
    __rt_lib_shutdown_cpp_1                  0x08000143   Thumb Code     0  libshutdown2.o(.ARM.Collect$$libshutdown$$00000004)
    __rt_lib_shutdown_fini_1                 0x08000143   Thumb Code     0  libshutdown2.o(.ARM.Collect$$libshutdown$$00000002)
    __rt_lib_shutdown_fp_trap_1              0x08000143   Thumb Code     0  libshutdown2.o(.ARM.Collect$$libshutdown$$00000009)
    __rt_lib_shutdown_heap_1                 0x08000143   Thumb Code     0  libshutdown2.o(.ARM.Collect$$libshutdown$$00000011)
    __rt_lib_shutdown_return                 0x08000143   Thumb Code     0  libshutdown2.o(.ARM.Collect$$libshutdown$$00000012)
    __rt_lib_shutdown_signal_1               0x08000143   Thumb Code     0  libshutdown2.o(.ARM.Collect$$libshutdown$$0000000C)
    __rt_lib_shutdown_stdio_1                0x08000143   Thumb Code     0  libshutdown2.o(.ARM.Collect$$libshutdown$$00000006)
    __rt_lib_shutdown_user_alloc_1           0x08000143   Thumb Code     0  libshutdown2.o(.ARM.Collect$$libshutdown$$0000000E)
    __rt_entry                               0x08000145   Thumb Code     0  __rtentry.o(.ARM.Collect$$rtentry$$00000000)
    __rt_entry_presh_1                       0x08000145   Thumb Code     0  __rtentry2.o(.ARM.Collect$$rtentry$$00000002)
    __rt_entry_sh                            0x08000145   Thumb Code     0  __rtentry4.o(.ARM.Collect$$rtentry$$00000004)
    __rt_entry_li                            0x0800014b   Thumb Code     0  __rtentry2.o(.ARM.Collect$$rtentry$$0000000A)
    __rt_entry_postsh_1                      0x0800014b   Thumb Code     0  __rtentry2.o(.ARM.Collect$$rtentry$$00000009)
    __rt_entry_main                          0x0800014f   Thumb Code     0  __rtentry2.o(.ARM.Collect$$rtentry$$0000000D)
    __rt_entry_postli_1                      0x0800014f   Thumb Code     0  __rtentry2.o(.ARM.Collect$$rtentry$$0000000C)
    __rt_exit                                0x08000157   Thumb Code     0  rtexit.o(.ARM.Collect$$rtexit$$00000000)
    __rt_exit_ls                             0x08000159   Thumb Code     0  rtexit2.o(.ARM.Collect$$rtexit$$00000003)
    __rt_exit_prels_1                        0x08000159   Thumb Code     0  rtexit2.o(.ARM.Collect$$rtexit$$00000002)
    __rt_exit_exit                           0x0800015d   Thumb Code     0  rtexit2.o(.ARM.Collect$$rtexit$$00000004)
    Reset_Handler                            0x08000165   Thumb Code     8  startup_stm32l031xx.o(.text)
    ADC1_COMP_IRQHandler                     0x08000177   Thumb Code     0  startup_stm32l031xx.o(.text)
    DMA1_Channel1_IRQHandler                 0x08000177   Thumb Code     0  startup_stm32l031xx.o(.text)
    DMA1_Channel2_3_IRQHandler               0x08000177   Thumb Code     0  startup_stm32l031xx.o(.text)
    DMA1_Channel4_5_6_7_IRQHandler           0x08000177   Thumb Code     0  startup_stm32l031xx.o(.text)
    EXTI0_1_IRQHandler                       0x08000177   Thumb Code     0  startup_stm32l031xx.o(.text)
    EXTI2_3_IRQHandler                       0x08000177   Thumb Code     0  startup_stm32l031xx.o(.text)
    EXTI4_15_IRQHandler                      0x08000177   Thumb Code     0  startup_stm32l031xx.o(.text)
    FLASH_IRQHandler                         0x08000177   Thumb Code     0  startup_stm32l031xx.o(.text)
    I2C1_IRQHandler                          0x08000177   Thumb Code     0  startup_stm32l031xx.o(.text)
    LPTIM1_IRQHandler                        0x08000177   Thumb Code     0  startup_stm32l031xx.o(.text)
    LPUART1_IRQHandler                       0x08000177   Thumb Code     0  startup_stm32l031xx.o(.text)
    PVD_IRQHandler                           0x08000177   Thumb Code     0  startup_stm32l031xx.o(.text)
    RCC_IRQHandler                           0x08000177   Thumb Code     0  startup_stm32l031xx.o(.text)
    RTC_IRQHandler                           0x08000177   Thumb Code     0  startup_stm32l031xx.o(.text)
    SPI1_IRQHandler                          0x08000177   Thumb Code     0  startup_stm32l031xx.o(.text)
    TIM21_IRQHandler                         0x08000177   Thumb Code     0  startup_stm32l031xx.o(.text)
    TIM22_IRQHandler                         0x08000177   Thumb Code     0  startup_stm32l031xx.o(.text)
    TIM2_IRQHandler                          0x08000177   Thumb Code     0  startup_stm32l031xx.o(.text)
    WWDG_IRQHandler                          0x08000177   Thumb Code     0  startup_stm32l031xx.o(.text)
    __user_initial_stackheap                 0x08000179   Thumb Code     0  startup_stm32l031xx.o(.text)
    __aeabi_uldivmod                         0x0800019d   Thumb Code   258  lludiv.o(.text)
    _ll_udiv                                 0x0800019d   Thumb Code     0  lludiv.o(.text)
    _memset_w                                0x0800029f   Thumb Code    26  rt_memclr.o(.text)
    _memset                                  0x080002b9   Thumb Code    30  rt_memclr.o(.text)
    __aeabi_memclr                           0x080002d7   Thumb Code     4  rt_memclr.o(.text)
    __rt_memclr                              0x080002d7   Thumb Code     0  rt_memclr.o(.text)
    __aeabi_memclr4                          0x080002db   Thumb Code     0  rt_memclr.o(.text)
    __aeabi_memclr8                          0x080002db   Thumb Code     0  rt_memclr.o(.text)
    __rt_memclr_w                            0x080002db   Thumb Code     4  rt_memclr.o(.text)
    strcmp                                   0x080002e1   Thumb Code   132  strcmp.o(.text)
    __aeabi_uidiv                            0x08000369   Thumb Code     0  aeabi_sdiv.o(.text)
    __aeabi_uidivmod                         0x08000369   Thumb Code    20  aeabi_sdiv.o(.text)
    __aeabi_idiv                             0x0800037d   Thumb Code     0  aeabi_sdiv.o(.text)
    __aeabi_idivmod                          0x0800037d   Thumb Code   326  aeabi_sdiv.o(.text)
    __use_two_region_memory                  0x080004c3   Thumb Code     2  heapauxi.o(.text)
    __rt_heap_escrow$2region                 0x080004c5   Thumb Code     2  heapauxi.o(.text)
    __rt_heap_expand$2region                 0x080004c7   Thumb Code     2  heapauxi.o(.text)
    __user_setup_stackheap                   0x080004c9   Thumb Code    62  sys_stackheap_outer.o(.text)
    exit                                     0x08000507   Thumb Code    16  exit.o(.text)
    __user_libspace                          0x08000519   Thumb Code     8  libspace.o(.text)
    __user_perproc_libspace                  0x08000519   Thumb Code     0  libspace.o(.text)
    __user_perthread_libspace                0x08000519   Thumb Code     0  libspace.o(.text)
    _sys_exit                                0x08000521   Thumb Code     8  sys_exit.o(.text)
    __I$use$semihosting                      0x0800052d   Thumb Code     0  use_no_semi.o(.text)
    __use_no_semihosting_swi                 0x0800052d   Thumb Code     2  use_no_semi.o(.text)
    Error_Handler                            0x0800052f   Thumb Code     4  main.o(i.Error_Handler)
    __semihosting_library_function           0x0800052f   Thumb Code     0  indicate_semi.o(.text)
    GPIO_Init                                0x08000533   Thumb Code     8  hal_gpio.o(i.GPIO_Init)
    HAL_DMA_Abort                            0x0800053b   Thumb Code    68  stm32l0xx_hal_dma.o(i.HAL_DMA_Abort)
    HAL_DMA_Abort_IT                         0x0800057f   Thumb Code    76  stm32l0xx_hal_dma.o(i.HAL_DMA_Abort_IT)
    HAL_GPIO_Init                            0x080005cd   Thumb Code   392  stm32l0xx_hal_gpio.o(i.HAL_GPIO_Init)
    HAL_GPIO_WritePin                        0x0800076d   Thumb Code    12  stm32l0xx_hal_gpio.o(i.HAL_GPIO_WritePin)
    HAL_GetTick                              0x08000779   Thumb Code     6  stm32l0xx_hal.o(i.HAL_GetTick)
    HAL_I2CEx_ConfigAnalogFilter             0x08000785   Thumb Code    74  stm32l0xx_hal_i2c_ex.o(i.HAL_I2CEx_ConfigAnalogFilter)
    HAL_I2CEx_ConfigDigitalFilter            0x080007cf   Thumb Code    72  stm32l0xx_hal_i2c_ex.o(i.HAL_I2CEx_ConfigDigitalFilter)
    HAL_I2C_Init                             0x08000819   Thumb Code   176  stm32l0xx_hal_i2c.o(i.HAL_I2C_Init)
    HAL_I2C_Master_Receive                   0x080008cd   Thumb Code   262  stm32l0xx_hal_i2c.o(i.HAL_I2C_Master_Receive)
    HAL_I2C_Master_Transmit                  0x080009dd   Thumb Code   262  stm32l0xx_hal_i2c.o(i.HAL_I2C_Master_Transmit)
    HAL_I2C_MspInit                          0x08000aed   Thumb Code    80  stm32l0xx_hal_msp.o(i.HAL_I2C_MspInit)
    HAL_IncTick                              0x08000b49   Thumb Code    12  stm32l0xx_hal.o(i.HAL_IncTick)
    HAL_Init                                 0x08000b59   Thumb Code    36  stm32l0xx_hal.o(i.HAL_Init)
    HAL_InitTick                             0x08000b81   Thumb Code    58  stm32l0xx_hal.o(i.HAL_InitTick)
    HAL_MAX30100_ClearFIFO                   0x08000bc5   Thumb Code    28  hal_max30100.o(i.HAL_MAX30100_ClearFIFO)
    HAL_MAX30100_Init                        0x08000be1   Thumb Code    12  hal_max30100.o(i.HAL_MAX30100_Init)
    HAL_MAX30100_ReadFIFO                    0x08000bf1   Thumb Code   100  hal_max30100.o(i.HAL_MAX30100_ReadFIFO)
    HAL_MAX30100_ReadReg                     0x08000c61   Thumb Code    44  hal_max30100.o(i.HAL_MAX30100_ReadReg)
    HAL_MAX30100_SetLEDCurrent               0x08000c91   Thumb Code    22  hal_max30100.o(i.HAL_MAX30100_SetLEDCurrent)
    HAL_MAX30100_SetLEDPulseWidth            0x08000cad   Thumb Code    28  hal_max30100.o(i.HAL_MAX30100_SetLEDPulseWidth)
    HAL_MAX30100_SetMode                     0x08000cc9   Thumb Code    46  hal_max30100.o(i.HAL_MAX30100_SetMode)
    HAL_MAX30100_SetSpO2SampleRate           0x08000cfd   Thumb Code    28  hal_max30100.o(i.HAL_MAX30100_SetSpO2SampleRate)
    HAL_MAX30100_WriteReg                    0x08000d19   Thumb Code    28  hal_max30100.o(i.HAL_MAX30100_WriteReg)
    HAL_MspInit                              0x08000d39   Thumb Code    20  stm32l0xx_hal_msp.o(i.HAL_MspInit)
    HAL_NVIC_EnableIRQ                       0x08000d51   Thumb Code    18  stm32l0xx_hal_cortex.o(i.HAL_NVIC_EnableIRQ)
    HAL_NVIC_SetPriority                     0x08000d69   Thumb Code     8  stm32l0xx_hal_cortex.o(i.HAL_NVIC_SetPriority)
    HAL_RCCEx_PeriphCLKConfig                0x08000d71   Thumb Code   324  stm32l0xx_hal_rcc_ex.o(i.HAL_RCCEx_PeriphCLKConfig)
    HAL_RCC_ClockConfig                      0x08000ec1   Thumb Code   386  stm32l0xx_hal_rcc.o(i.HAL_RCC_ClockConfig)
    HAL_RCC_GetPCLK1Freq                     0x0800105d   Thumb Code    20  stm32l0xx_hal_rcc.o(i.HAL_RCC_GetPCLK1Freq)
    HAL_RCC_GetPCLK2Freq                     0x0800107d   Thumb Code    20  stm32l0xx_hal_rcc.o(i.HAL_RCC_GetPCLK2Freq)
    HAL_RCC_GetSysClockFreq                  0x0800109d   Thumb Code   108  stm32l0xx_hal_rcc.o(i.HAL_RCC_GetSysClockFreq)
    HAL_RCC_OscConfig                        0x08001115   Thumb Code  1074  stm32l0xx_hal_rcc.o(i.HAL_RCC_OscConfig)
    HAL_SYSTICK_Config                       0x08001549   Thumb Code    38  stm32l0xx_hal_cortex.o(i.HAL_SYSTICK_Config)
    HAL_TIMEx_MasterConfigSynchronization    0x08001579   Thumb Code    78  stm32l0xx_hal_tim_ex.o(i.HAL_TIMEx_MasterConfigSynchronization)
    HAL_TIM_Base_Init                        0x080015d1   Thumb Code    62  stm32l0xx_hal_tim.o(i.HAL_TIM_Base_Init)
    HAL_TIM_Base_MspInit                     0x08001611   Thumb Code    22  stm32l0xx_hal_msp.o(i.HAL_TIM_Base_MspInit)
    HAL_TIM_ConfigClockSource                0x0800162d   Thumb Code   220  stm32l0xx_hal_tim.o(i.HAL_TIM_ConfigClockSource)
    HAL_TIM_SlaveConfigSynchro               0x08001709   Thumb Code    76  stm32l0xx_hal_tim.o(i.HAL_TIM_SlaveConfigSynchro)
    HAL_UARTEx_RxEventCallback               0x08001755   Thumb Code     2  stm32l0xx_hal_uart.o(i.HAL_UARTEx_RxEventCallback)
    HAL_UARTEx_WakeupCallback                0x08001757   Thumb Code     2  stm32l0xx_hal_uart_ex.o(i.HAL_UARTEx_WakeupCallback)
    HAL_UART_ErrorCallback                   0x08001759   Thumb Code     2  stm32l0xx_hal_uart.o(i.HAL_UART_ErrorCallback)
    HAL_UART_IRQHandler                      0x0800175d   Thumb Code   664  stm32l0xx_hal_uart.o(i.HAL_UART_IRQHandler)
    HAL_UART_Init                            0x08001a01   Thumb Code   106  stm32l0xx_hal_uart.o(i.HAL_UART_Init)
    HAL_UART_MspInit                         0x08001a6d   Thumb Code   100  stm32l0xx_hal_msp.o(i.HAL_UART_MspInit)
    HAL_UART_Read                            0x08001ad9   Thumb Code     8  hal_uart.o(i.HAL_UART_Read)
    HAL_UART_Receive_IT                      0x08001ae1   Thumb Code   106  stm32l0xx_hal_uart.o(i.HAL_UART_Receive_IT)
    HAL_UART_RxCpltCallback                  0x08001b51   Thumb Code   104  main.o(i.HAL_UART_RxCpltCallback)
    HAL_UART_Transmit                        0x08001bc1   Thumb Code   210  stm32l0xx_hal_uart.o(i.HAL_UART_Transmit)
    HAL_UART_TxCpltCallback                  0x08001c93   Thumb Code     2  stm32l0xx_hal_uart.o(i.HAL_UART_TxCpltCallback)
    HAL_UART_Write                           0x08001c95   Thumb Code    12  hal_uart.o(i.HAL_UART_Write)
    HardFault_Handler                        0x08001ca1   Thumb Code     2  stm32l0xx_it.o(i.HardFault_Handler)
    I2C_Init                                 0x08001cc5   Thumb Code     8  hal_i2c.o(i.I2C_Init)
    NMI_Handler                              0x08002061   Thumb Code     2  stm32l0xx_it.o(i.NMI_Handler)
    PendSV_Handler                           0x08002063   Thumb Code     2  stm32l0xx_it.o(i.PendSV_Handler)
    SVC_Handler                              0x08002065   Thumb Code     2  stm32l0xx_it.o(i.SVC_Handler)
    SysClock_Config                          0x08002067   Thumb Code     8  hal_sysclk_config.o(i.SysClock_Config)
    SysTick_Handler                          0x0800206f   Thumb Code     8  stm32l0xx_it.o(i.SysTick_Handler)
    SystemClock_Config                       0x08002079   Thumb Code   140  hal_sysclk_config.o(i.SystemClock_Config)
    SystemInit                               0x08002109   Thumb Code     2  system_stm32l0xx.o(i.SystemInit)
    TIM2_Init                                0x0800210b   Thumb Code     8  hal_tim2.o(i.TIM2_Init)
    UART_AdvFeatureConfig                    0x08002267   Thumb Code   202  stm32l0xx_hal_uart.o(i.UART_AdvFeatureConfig)
    UART_CheckIdleState                      0x08002331   Thumb Code    94  stm32l0xx_hal_uart.o(i.UART_CheckIdleState)
    UART_Init                                0x08002407   Thumb Code     8  hal_uart.o(i.UART_Init)
    UART_SetConfig                           0x08002561   Thumb Code   448  stm32l0xx_hal_uart.o(i.UART_SetConfig)
    UART_Start_Receive_IT                    0x0800273d   Thumb Code   166  stm32l0xx_hal_uart.o(i.UART_Start_Receive_IT)
    UART_WaitOnFlagUntilTimeout              0x080027f1   Thumb Code   212  stm32l0xx_hal_uart.o(i.UART_WaitOnFlagUntilTimeout)
    USART2_IRQHandler                        0x080028c5   Thumb Code    10  stm32l0xx_it.o(i.USART2_IRQHandler)
    __ARM_common_ll_muluu                    0x080028d5   Thumb Code    48  stm32l0xx_hal_rcc.o(i.__ARM_common_ll_muluu)
    __ARM_common_switch8                     0x08002905   Thumb Code    26  stm32l0xx_hal_dma.o(i.__ARM_common_switch8)
    main                                     0x08002965   Thumb Code    72  main.o(i.main)
    AHBPrescTable                            0x080029b0   Data          16  system_stm32l0xx.o(.constdata)
    PLLMulTable                              0x080029c0   Data           9  system_stm32l0xx.o(.constdata)
    APBPrescTable                            0x080029c9   Data           8  system_stm32l0xx.o(.constdata)
    Region$$Table$$Base                      0x080029d4   Number         0  anon$$obj.o(Region$$Table)
    Region$$Table$$Limit                     0x080029f4   Number         0  anon$$obj.o(Region$$Table)
    DefaultRes_Ok                            0x20000000   Data           3  main.o(.data)
    DefaultRes_Error                         0x20000003   Data           6  main.o(.data)
    ReadCommand                              0x20000009   Data          16  main.o(.data)
    MAX30100_ir_current                      0x2000001c   Data           1  hal_max30100.o(.data)
    MAX30100_red_current                     0x2000001d   Data           1  hal_max30100.o(.data)
    MAX30100_mode                            0x2000001e   Data           1  hal_max30100.o(.data)
    MAX30100_ui2c                            0x20000020   Data           4  hal_max30100.o(.data)
    uwTickFreq                               0x20000024   Data           1  stm32l0xx_hal.o(.data)
    uwTickPrio                               0x20000028   Data           4  stm32l0xx_hal.o(.data)
    uwTick                                   0x2000002c   Data           4  stm32l0xx_hal.o(.data)
    SystemCoreClock                          0x20000030   Data           4  system_stm32l0xx.o(.data)
    hi2c1                                    0x20000034   Data          76  main.o(.bss)
    huart2                                   0x20000080   Data         132  main.o(.bss)
    Rx_Data                                  0x20000104   Data          16  main.o(.bss)
    MAX30100_ir_sample                       0x20000114   Data          16  main.o(.bss)
    MAX30100_red_sample                      0x20000124   Data          16  main.o(.bss)
    htim2                                    0x20000134   Data          64  main.o(.bss)
    __libspace_start                         0x20000174   Data          96  libspace.o(.bss)
    __temporary_stack_top$libspace           0x200001d4   Data           0  libspace.o(.bss)



==============================================================================

Memory Map of the image

  Image Entry point : 0x080000c1

  Load Region LR_IROM1 (Base: 0x08000000, Size: 0x00002a28, Max: 0x00008000, ABSOLUTE)

    Execution Region ER_IROM1 (Exec base: 0x08000000, Load base: 0x08000000, Size: 0x000029f4, Max: 0x00008000, ABSOLUTE)

    Exec Addr    Load Addr    Size         Type   Attr      Idx    E Section Name        Object

    0x08000000   0x08000000   0x000000c0   Data   RO            3    RESET               startup_stm32l031xx.o
    0x080000c0   0x080000c0   0x00000008   Code   RO         3451  * !!!main             c_p.l(__main.o)
    0x080000c8   0x080000c8   0x0000003c   Code   RO         3626    !!!scatter          c_p.l(__scatter.o)
    0x08000104   0x08000104   0x0000001a   Code   RO         3628    !!handler_copy      c_p.l(__scatter_copy.o)
    0x0800011e   0x0800011e   0x00000002   PAD
    0x08000120   0x08000120   0x0000001c   Code   RO         3630    !!handler_zi        c_p.l(__scatter_zi.o)
    0x0800013c   0x0800013c   0x00000002   Code   RO         3493    .ARM.Collect$$libinit$$00000000  c_p.l(libinit.o)
    0x0800013e   0x0800013e   0x00000000   Code   RO         3507    .ARM.Collect$$libinit$$00000002  c_p.l(libinit2.o)
    0x0800013e   0x0800013e   0x00000000   Code   RO         3509    .ARM.Collect$$libinit$$00000004  c_p.l(libinit2.o)
    0x0800013e   0x0800013e   0x00000000   Code   RO         3512    .ARM.Collect$$libinit$$0000000A  c_p.l(libinit2.o)
    0x0800013e   0x0800013e   0x00000000   Code   RO         3514    .ARM.Collect$$libinit$$0000000C  c_p.l(libinit2.o)
    0x0800013e   0x0800013e   0x00000000   Code   RO         3516    .ARM.Collect$$libinit$$0000000E  c_p.l(libinit2.o)
    0x0800013e   0x0800013e   0x00000000   Code   RO         3519    .ARM.Collect$$libinit$$00000011  c_p.l(libinit2.o)
    0x0800013e   0x0800013e   0x00000000   Code   RO         3521    .ARM.Collect$$libinit$$00000013  c_p.l(libinit2.o)
    0x0800013e   0x0800013e   0x00000000   Code   RO         3523    .ARM.Collect$$libinit$$00000015  c_p.l(libinit2.o)
    0x0800013e   0x0800013e   0x00000000   Code   RO         3525    .ARM.Collect$$libinit$$00000017  c_p.l(libinit2.o)
    0x0800013e   0x0800013e   0x00000000   Code   RO         3527    .ARM.Collect$$libinit$$00000019  c_p.l(libinit2.o)
    0x0800013e   0x0800013e   0x00000000   Code   RO         3529    .ARM.Collect$$libinit$$0000001B  c_p.l(libinit2.o)
    0x0800013e   0x0800013e   0x00000000   Code   RO         3531    .ARM.Collect$$libinit$$0000001D  c_p.l(libinit2.o)
    0x0800013e   0x0800013e   0x00000000   Code   RO         3533    .ARM.Collect$$libinit$$0000001F  c_p.l(libinit2.o)
    0x0800013e   0x0800013e   0x00000000   Code   RO         3535    .ARM.Collect$$libinit$$00000021  c_p.l(libinit2.o)
    0x0800013e   0x0800013e   0x00000000   Code   RO         3537    .ARM.Collect$$libinit$$00000023  c_p.l(libinit2.o)
    0x0800013e   0x0800013e   0x00000000   Code   RO         3539    .ARM.Collect$$libinit$$00000025  c_p.l(libinit2.o)
    0x0800013e   0x0800013e   0x00000000   Code   RO         3543    .ARM.Collect$$libinit$$0000002C  c_p.l(libinit2.o)
    0x0800013e   0x0800013e   0x00000000   Code   RO         3545    .ARM.Collect$$libinit$$0000002E  c_p.l(libinit2.o)
    0x0800013e   0x0800013e   0x00000000   Code   RO         3547    .ARM.Collect$$libinit$$00000030  c_p.l(libinit2.o)
    0x0800013e   0x0800013e   0x00000000   Code   RO         3549    .ARM.Collect$$libinit$$00000032  c_p.l(libinit2.o)
    0x0800013e   0x0800013e   0x00000002   Code   RO         3550    .ARM.Collect$$libinit$$00000033  c_p.l(libinit2.o)
    0x08000140   0x08000140   0x00000002   Code   RO         3581    .ARM.Collect$$libshutdown$$00000000  c_p.l(libshutdown.o)
    0x08000142   0x08000142   0x00000000   Code   RO         3607    .ARM.Collect$$libshutdown$$00000002  c_p.l(libshutdown2.o)
    0x08000142   0x08000142   0x00000000   Code   RO         3609    .ARM.Collect$$libshutdown$$00000004  c_p.l(libshutdown2.o)
    0x08000142   0x08000142   0x00000000   Code   RO         3611    .ARM.Collect$$libshutdown$$00000006  c_p.l(libshutdown2.o)
    0x08000142   0x08000142   0x00000000   Code   RO         3614    .ARM.Collect$$libshutdown$$00000009  c_p.l(libshutdown2.o)
    0x08000142   0x08000142   0x00000000   Code   RO         3617    .ARM.Collect$$libshutdown$$0000000C  c_p.l(libshutdown2.o)
    0x08000142   0x08000142   0x00000000   Code   RO         3619    .ARM.Collect$$libshutdown$$0000000E  c_p.l(libshutdown2.o)
    0x08000142   0x08000142   0x00000000   Code   RO         3622    .ARM.Collect$$libshutdown$$00000011  c_p.l(libshutdown2.o)
    0x08000142   0x08000142   0x00000002   Code   RO         3623    .ARM.Collect$$libshutdown$$00000012  c_p.l(libshutdown2.o)
    0x08000144   0x08000144   0x00000000   Code   RO         3453    .ARM.Collect$$rtentry$$00000000  c_p.l(__rtentry.o)
    0x08000144   0x08000144   0x00000000   Code   RO         3463    .ARM.Collect$$rtentry$$00000002  c_p.l(__rtentry2.o)
    0x08000144   0x08000144   0x00000006   Code   RO         3475    .ARM.Collect$$rtentry$$00000004  c_p.l(__rtentry4.o)
    0x0800014a   0x0800014a   0x00000000   Code   RO         3465    .ARM.Collect$$rtentry$$00000009  c_p.l(__rtentry2.o)
    0x0800014a   0x0800014a   0x00000004   Code   RO         3466    .ARM.Collect$$rtentry$$0000000A  c_p.l(__rtentry2.o)
    0x0800014e   0x0800014e   0x00000000   Code   RO         3468    .ARM.Collect$$rtentry$$0000000C  c_p.l(__rtentry2.o)
    0x0800014e   0x0800014e   0x00000008   Code   RO         3469    .ARM.Collect$$rtentry$$0000000D  c_p.l(__rtentry2.o)
    0x08000156   0x08000156   0x00000002   Code   RO         3498    .ARM.Collect$$rtexit$$00000000  c_p.l(rtexit.o)
    0x08000158   0x08000158   0x00000000   Code   RO         3554    .ARM.Collect$$rtexit$$00000002  c_p.l(rtexit2.o)
    0x08000158   0x08000158   0x00000004   Code   RO         3555    .ARM.Collect$$rtexit$$00000003  c_p.l(rtexit2.o)
    0x0800015c   0x0800015c   0x00000006   Code   RO         3556    .ARM.Collect$$rtexit$$00000004  c_p.l(rtexit2.o)
    0x08000162   0x08000162   0x00000002   PAD
    0x08000164   0x08000164   0x00000038   Code   RO            4    .text               startup_stm32l031xx.o
    0x0800019c   0x0800019c   0x00000102   Code   RO         3439    .text               c_p.l(lludiv.o)
    0x0800029e   0x0800029e   0x00000040   Code   RO         3441    .text               c_p.l(rt_memclr.o)
    0x080002de   0x080002de   0x00000002   PAD
    0x080002e0   0x080002e0   0x00000088   Code   RO         3443    .text               c_p.l(strcmp.o)
    0x08000368   0x08000368   0x0000015a   Code   RO         3445    .text               c_p.l(aeabi_sdiv.o)
    0x080004c2   0x080004c2   0x00000006   Code   RO         3449    .text               c_p.l(heapauxi.o)
    0x080004c8   0x080004c8   0x0000003e   Code   RO         3479    .text               c_p.l(sys_stackheap_outer.o)
    0x08000506   0x08000506   0x00000010   Code   RO         3482    .text               c_p.l(exit.o)
    0x08000516   0x08000516   0x00000002   PAD
    0x08000518   0x08000518   0x00000008   Code   RO         3494    .text               c_p.l(libspace.o)
    0x08000520   0x08000520   0x0000000c   Code   RO         3551    .text               c_p.l(sys_exit.o)
    0x0800052c   0x0800052c   0x00000002   Code   RO         3570    .text               c_p.l(use_no_semi.o)
    0x0800052e   0x0800052e   0x00000000   Code   RO         3572    .text               c_p.l(indicate_semi.o)
    0x0800052e   0x0800052e   0x00000004   Code   RO           12    i.Error_Handler     main.o
    0x08000532   0x08000532   0x00000008   Code   RO          400    i.GPIO_Init         hal_gpio.o
    0x0800053a   0x0800053a   0x00000044   Code   RO         1788    i.HAL_DMA_Abort     stm32l0xx_hal_dma.o
    0x0800057e   0x0800057e   0x0000004c   Code   RO         1789    i.HAL_DMA_Abort_IT  stm32l0xx_hal_dma.o
    0x080005ca   0x080005ca   0x00000002   PAD
    0x080005cc   0x080005cc   0x000001a0   Code   RO         1728    i.HAL_GPIO_Init     stm32l0xx_hal_gpio.o
    0x0800076c   0x0800076c   0x0000000c   Code   RO         1732    i.HAL_GPIO_WritePin  stm32l0xx_hal_gpio.o
    0x08000778   0x08000778   0x0000000c   Code   RO         1121    i.HAL_GetTick       stm32l0xx_hal.o
    0x08000784   0x08000784   0x0000004a   Code   RO         1058    i.HAL_I2CEx_ConfigAnalogFilter  stm32l0xx_hal_i2c_ex.o
    0x080007ce   0x080007ce   0x00000048   Code   RO         1059    i.HAL_I2CEx_ConfigDigitalFilter  stm32l0xx_hal_i2c_ex.o
    0x08000816   0x08000816   0x00000002   PAD
    0x08000818   0x08000818   0x000000b4   Code   RO          611    i.HAL_I2C_Init      stm32l0xx_hal_i2c.o
    0x080008cc   0x080008cc   0x00000110   Code   RO          617    i.HAL_I2C_Master_Receive  stm32l0xx_hal_i2c.o
    0x080009dc   0x080009dc   0x00000110   Code   RO          624    i.HAL_I2C_Master_Transmit  stm32l0xx_hal_i2c.o
    0x08000aec   0x08000aec   0x0000005c   Code   RO          316    i.HAL_I2C_MspInit   stm32l0xx_hal_msp.o
    0x08000b48   0x08000b48   0x00000010   Code   RO         1127    i.HAL_IncTick       stm32l0xx_hal.o
    0x08000b58   0x08000b58   0x00000028   Code   RO         1128    i.HAL_Init          stm32l0xx_hal.o
    0x08000b80   0x08000b80   0x00000044   Code   RO         1129    i.HAL_InitTick      stm32l0xx_hal.o
    0x08000bc4   0x08000bc4   0x0000001c   Code   RO          530    i.HAL_MAX30100_ClearFIFO  hal_max30100.o
    0x08000be0   0x08000be0   0x00000010   Code   RO          531    i.HAL_MAX30100_Init  hal_max30100.o
    0x08000bf0   0x08000bf0   0x00000070   Code   RO          532    i.HAL_MAX30100_ReadFIFO  hal_max30100.o
    0x08000c60   0x08000c60   0x00000030   Code   RO          533    i.HAL_MAX30100_ReadReg  hal_max30100.o
    0x08000c90   0x08000c90   0x0000001c   Code   RO          534    i.HAL_MAX30100_SetLEDCurrent  hal_max30100.o
    0x08000cac   0x08000cac   0x0000001c   Code   RO          535    i.HAL_MAX30100_SetLEDPulseWidth  hal_max30100.o
    0x08000cc8   0x08000cc8   0x00000034   Code   RO          536    i.HAL_MAX30100_SetMode  hal_max30100.o
    0x08000cfc   0x08000cfc   0x0000001c   Code   RO          537    i.HAL_MAX30100_SetSpO2SampleRate  hal_max30100.o
    0x08000d18   0x08000d18   0x00000020   Code   RO          538    i.HAL_MAX30100_WriteReg  hal_max30100.o
    0x08000d38   0x08000d38   0x00000018   Code   RO          317    i.HAL_MspInit       stm32l0xx_hal_msp.o
    0x08000d50   0x08000d50   0x00000018   Code   RO         2054    i.HAL_NVIC_EnableIRQ  stm32l0xx_hal_cortex.o
    0x08000d68   0x08000d68   0x00000008   Code   RO         2058    i.HAL_NVIC_SetPriority  stm32l0xx_hal_cortex.o
    0x08000d70   0x08000d70   0x00000150   Code   RO         1415    i.HAL_RCCEx_PeriphCLKConfig  stm32l0xx_hal_rcc_ex.o
    0x08000ec0   0x08000ec0   0x0000019c   Code   RO         1315    i.HAL_RCC_ClockConfig  stm32l0xx_hal_rcc.o
    0x0800105c   0x0800105c   0x00000020   Code   RO         1321    i.HAL_RCC_GetPCLK1Freq  stm32l0xx_hal_rcc.o
    0x0800107c   0x0800107c   0x00000020   Code   RO         1322    i.HAL_RCC_GetPCLK2Freq  stm32l0xx_hal_rcc.o
    0x0800109c   0x0800109c   0x00000078   Code   RO         1323    i.HAL_RCC_GetSysClockFreq  stm32l0xx_hal_rcc.o
    0x08001114   0x08001114   0x00000432   Code   RO         1326    i.HAL_RCC_OscConfig  stm32l0xx_hal_rcc.o
    0x08001546   0x08001546   0x00000002   PAD
    0x08001548   0x08001548   0x00000030   Code   RO         2062    i.HAL_SYSTICK_Config  stm32l0xx_hal_cortex.o
    0x08001578   0x08001578   0x00000058   Code   RO         2911    i.HAL_TIMEx_MasterConfigSynchronization  stm32l0xx_hal_tim_ex.o
    0x080015d0   0x080015d0   0x0000003e   Code   RO         2216    i.HAL_TIM_Base_Init  stm32l0xx_hal_tim.o
    0x0800160e   0x0800160e   0x00000002   PAD
    0x08001610   0x08001610   0x0000001c   Code   RO          319    i.HAL_TIM_Base_MspInit  stm32l0xx_hal_msp.o
    0x0800162c   0x0800162c   0x000000dc   Code   RO         2225    i.HAL_TIM_ConfigClockSource  stm32l0xx_hal_tim.o
    0x08001708   0x08001708   0x0000004c   Code   RO         2305    i.HAL_TIM_SlaveConfigSynchro  stm32l0xx_hal_tim.o
    0x08001754   0x08001754   0x00000002   Code   RO         2946    i.HAL_UARTEx_RxEventCallback  stm32l0xx_hal_uart.o
    0x08001756   0x08001756   0x00000002   Code   RO         3335    i.HAL_UARTEx_WakeupCallback  stm32l0xx_hal_uart_ex.o
    0x08001758   0x08001758   0x00000002   Code   RO         2962    i.HAL_UART_ErrorCallback  stm32l0xx_hal_uart.o
    0x0800175a   0x0800175a   0x00000002   PAD
    0x0800175c   0x0800175c   0x000002a4   Code   RO         2965    i.HAL_UART_IRQHandler  stm32l0xx_hal_uart.o
    0x08001a00   0x08001a00   0x0000006a   Code   RO         2966    i.HAL_UART_Init     stm32l0xx_hal_uart.o
    0x08001a6a   0x08001a6a   0x00000002   PAD
    0x08001a6c   0x08001a6c   0x0000006c   Code   RO          321    i.HAL_UART_MspInit  stm32l0xx_hal_msp.o
    0x08001ad8   0x08001ad8   0x00000008   Code   RO          492    i.HAL_UART_Read     hal_uart.o
    0x08001ae0   0x08001ae0   0x00000070   Code   RO         2971    i.HAL_UART_Receive_IT  stm32l0xx_hal_uart.o
    0x08001b50   0x08001b50   0x00000070   Code   RO           13    i.HAL_UART_RxCpltCallback  main.o
    0x08001bc0   0x08001bc0   0x000000d2   Code   RO         2975    i.HAL_UART_Transmit  stm32l0xx_hal_uart.o
    0x08001c92   0x08001c92   0x00000002   Code   RO         2978    i.HAL_UART_TxCpltCallback  stm32l0xx_hal_uart.o
    0x08001c94   0x08001c94   0x0000000c   Code   RO          493    i.HAL_UART_Write    hal_uart.o
    0x08001ca0   0x08001ca0   0x00000002   Code   RO          169    i.HardFault_Handler  stm32l0xx_it.o
    0x08001ca2   0x08001ca2   0x00000022   Code   RO          658    i.I2C_Flush_TXDR    stm32l0xx_hal_i2c.o
    0x08001cc4   0x08001cc4   0x00000008   Code   RO          428    i.I2C_Init          hal_i2c.o
    0x08001ccc   0x08001ccc   0x00000088   Code   RO          666    i.I2C_IsAcknowledgeFailed  stm32l0xx_hal_i2c.o
    0x08001d54   0x08001d54   0x00000028   Code   RO          673    i.I2C_TransferConfig  stm32l0xx_hal_i2c.o
    0x08001d7c   0x08001d7c   0x0000004e   Code   RO          675    i.I2C_WaitOnFlagUntilTimeout  stm32l0xx_hal_i2c.o
    0x08001dca   0x08001dca   0x00000002   PAD
    0x08001dcc   0x08001dcc   0x00000080   Code   RO          676    i.I2C_WaitOnRXNEFlagUntilTimeout  stm32l0xx_hal_i2c.o
    0x08001e4c   0x08001e4c   0x0000004c   Code   RO          677    i.I2C_WaitOnSTOPFlagUntilTimeout  stm32l0xx_hal_i2c.o
    0x08001e98   0x08001e98   0x00000050   Code   RO          678    i.I2C_WaitOnTXISFlagUntilTimeout  stm32l0xx_hal_i2c.o
    0x08001ee8   0x08001ee8   0x00000064   Code   RO          401    i.MX_GPIO_Init      hal_gpio.o
    0x08001f4c   0x08001f4c   0x00000054   Code   RO          429    i.MX_I2C1_Init      hal_i2c.o
    0x08001fa0   0x08001fa0   0x00000088   Code   RO          458    i.MX_TIM2_Init      hal_tim2.o
    0x08002028   0x08002028   0x00000038   Code   RO          494    i.MX_USART2_UART_Init  hal_uart.o
    0x08002060   0x08002060   0x00000002   Code   RO          170    i.NMI_Handler       stm32l0xx_it.o
    0x08002062   0x08002062   0x00000002   Code   RO          171    i.PendSV_Handler    stm32l0xx_it.o
    0x08002064   0x08002064   0x00000002   Code   RO          172    i.SVC_Handler       stm32l0xx_it.o
    0x08002066   0x08002066   0x00000008   Code   RO          371    i.SysClock_Config   hal_sysclk_config.o
    0x0800206e   0x0800206e   0x00000008   Code   RO          173    i.SysTick_Handler   stm32l0xx_it.o
    0x08002076   0x08002076   0x00000002   PAD
    0x08002078   0x08002078   0x00000090   Code   RO          372    i.SystemClock_Config  hal_sysclk_config.o
    0x08002108   0x08002108   0x00000002   Code   RO         3406    i.SystemInit        system_stm32l0xx.o
    0x0800210a   0x0800210a   0x00000008   Code   RO          459    i.TIM2_Init         hal_tim2.o
    0x08002112   0x08002112   0x00000002   PAD
    0x08002114   0x08002114   0x00000058   Code   RO         2309    i.TIM_Base_SetConfig  stm32l0xx_hal_tim.o
    0x0800216c   0x0800216c   0x00000016   Code   RO         2320    i.TIM_ETR_SetConfig  stm32l0xx_hal_tim.o
    0x08002182   0x08002182   0x00000010   Code   RO         2321    i.TIM_ITRx_SetConfig  stm32l0xx_hal_tim.o
    0x08002192   0x08002192   0x0000008c   Code   RO         2326    i.TIM_SlaveTimer_SetConfig  stm32l0xx_hal_tim.o
    0x0800221e   0x0800221e   0x00000022   Code   RO         2327    i.TIM_TI1_ConfigInputStage  stm32l0xx_hal_tim.o
    0x08002240   0x08002240   0x00000026   Code   RO         2329    i.TIM_TI2_ConfigInputStage  stm32l0xx_hal_tim.o
    0x08002266   0x08002266   0x000000ca   Code   RO         2980    i.UART_AdvFeatureConfig  stm32l0xx_hal_uart.o
    0x08002330   0x08002330   0x00000064   Code   RO         2981    i.UART_CheckIdleState  stm32l0xx_hal_uart.o
    0x08002394   0x08002394   0x00000014   Code   RO         2982    i.UART_DMAAbortOnError  stm32l0xx_hal_uart.o
    0x080023a8   0x080023a8   0x0000005e   Code   RO         2992    i.UART_EndRxTransfer  stm32l0xx_hal_uart.o
    0x08002406   0x08002406   0x00000008   Code   RO          495    i.UART_Init         hal_uart.o
    0x0800240e   0x0800240e   0x000000a8   Code   RO         2994    i.UART_RxISR_16BIT  stm32l0xx_hal_uart.o
    0x080024b6   0x080024b6   0x000000a8   Code   RO         2995    i.UART_RxISR_8BIT   stm32l0xx_hal_uart.o
    0x0800255e   0x0800255e   0x00000002   PAD
    0x08002560   0x08002560   0x000001dc   Code   RO         2996    i.UART_SetConfig    stm32l0xx_hal_uart.o
    0x0800273c   0x0800273c   0x000000b4   Code   RO         2998    i.UART_Start_Receive_IT  stm32l0xx_hal_uart.o
    0x080027f0   0x080027f0   0x000000d4   Code   RO         3001    i.UART_WaitOnFlagUntilTimeout  stm32l0xx_hal_uart.o
    0x080028c4   0x080028c4   0x00000010   Code   RO          174    i.USART2_IRQHandler  stm32l0xx_it.o
    0x080028d4   0x080028d4   0x00000030   Code   RO         1400    i.__ARM_common_ll_muluu  stm32l0xx_hal_rcc.o
    0x08002904   0x08002904   0x0000001a   Code   RO         1873    i.__ARM_common_switch8  stm32l0xx_hal_dma.o
    0x0800291e   0x0800291e   0x00000002   PAD
    0x08002920   0x08002920   0x00000044   Code   RO         2064    i.__NVIC_SetPriority  stm32l0xx_hal_cortex.o
    0x08002964   0x08002964   0x0000004c   Code   RO           14    i.main              main.o
    0x080029b0   0x080029b0   0x00000019   Data   RO         3407    .constdata          system_stm32l0xx.o
    0x080029c9   0x080029c9   0x00000008   Data   RO         3408    .constdata          system_stm32l0xx.o
    0x080029d1   0x080029d1   0x00000003   PAD
    0x080029d4   0x080029d4   0x00000020   Data   RO         3624    Region$$Table       anon$$obj.o


    Execution Region RW_IRAM1 (Exec base: 0x20000000, Load base: 0x080029f4, Size: 0x000007d8, Max: 0x00002000, ABSOLUTE)

    Exec Addr    Load Addr    Size         Type   Attr      Idx    E Section Name        Object

    0x20000000   0x080029f4   0x00000019   Data   RW           17    .data               main.o
    0x20000019   0x08002a0d   0x00000003   PAD
    0x2000001c   0x08002a10   0x00000008   Data   RW          539    .data               hal_max30100.o
    0x20000024   0x08002a18   0x0000000c   Data   RW         1139    .data               stm32l0xx_hal.o
    0x20000030   0x08002a24   0x00000004   Data   RW         3409    .data               system_stm32l0xx.o
    0x20000034        -       0x00000100   Zero   RW           15    .bss                main.o
    0x20000134        -       0x00000040   Zero   RW           16    .bss                main.o
    0x20000174        -       0x00000060   Zero   RW         3495    .bss                c_p.l(libspace.o)
    0x200001d4   0x08002a28   0x00000004   PAD
    0x200001d8        -       0x00000200   Zero   RW            2    HEAP                startup_stm32l031xx.o
    0x200003d8        -       0x00000400   Zero   RW            1    STACK               startup_stm32l031xx.o


==============================================================================

Image component sizes


      Code (inc. data)   RO Data    RW Data    ZI Data      Debug   Object Name

       108          6          0          0          0       1344   hal_gpio.o
        92          8          0          0          0       1195   hal_i2c.o
       372         36          0          8          0       5669   hal_max30100.o
       152          4          0          0          0       1119   hal_sysclk_config.o
       144         10          0          0          0       1376   hal_tim2.o
        84          8          0          0          0       2429   hal_uart.o
       192         12          0         25        320     266360   main.o
        56         26        192          0       1536        632   startup_stm32l031xx.o
       136         24          0         12          0       7597   stm32l0xx_hal.o
       148         24          0          0          0      10453   stm32l0xx_hal_cortex.o
       170          0          0          0          0       1767   stm32l0xx_hal_dma.o
         0          0          0          0          0       2456   stm32l0xx_hal_flash.o
       428         24          0          0          0       2084   stm32l0xx_hal_gpio.o
      1296         42          0          0          0      10314   stm32l0xx_hal_i2c.o
       146          0          0          0          0       1875   stm32l0xx_hal_i2c_ex.o
       252         30          0          0          0       2538   stm32l0xx_hal_msp.o
      1718         90          0          0          0       5652   stm32l0xx_hal_rcc.o
       336         12          0          0          0       1396   stm32l0xx_hal_rcc_ex.o
       696         20          0          0          0       7313   stm32l0xx_hal_tim.o
        88         10          0          0          0       1196   stm32l0xx_hal_tim_ex.o
      2730         90          0          0          0      18201   stm32l0xx_hal_uart.o
         2          0          0          0          0        980   stm32l0xx_hal_uart_ex.o
        32          6          0          0          0     309671   stm32l0xx_it.o
         2          0         33          4          0       1147   system_stm32l0xx.o

    ----------------------------------------------------------------------
      9402        482        260         52       1856     664764   Object Totals
         0          0         32          0          0          0   (incl. Generated)
        22          0          3          3          0          0   (incl. Padding)

    ----------------------------------------------------------------------

      Code (inc. data)   RO Data    RW Data    ZI Data      Debug   Library Member Name

         8          0          0          0          0         68   __main.o
         0          0          0          0          0          0   __rtentry.o
        12          0          0          0          0          0   __rtentry2.o
         6          0          0          0          0          0   __rtentry4.o
        60          8          0          0          0          0   __scatter.o
        26          0          0          0          0          0   __scatter_copy.o
        28          0          0          0          0          0   __scatter_zi.o
       346          0          0          0          0         92   aeabi_sdiv.o
        16          0          0          0          0         68   exit.o
         6          0          0          0          0        136   heapauxi.o
         0          0          0          0          0          0   indicate_semi.o
         2          0          0          0          0          0   libinit.o
         2          0          0          0          0          0   libinit2.o
         2          0          0          0          0          0   libshutdown.o
         2          0          0          0          0          0   libshutdown2.o
         8          4          0          0         96         68   libspace.o
       258          0          0          0          0         88   lludiv.o
        64          0          0          0          0        108   rt_memclr.o
         2          0          0          0          0          0   rtexit.o
        10          0          0          0          0          0   rtexit2.o
       136          4          0          0          0         72   strcmp.o
        12          4          0          0          0         60   sys_exit.o
        62          0          0          0          0         80   sys_stackheap_outer.o
         2          0          0          0          0         68   use_no_semi.o

    ----------------------------------------------------------------------
      1078         20          0          0        100        908   Library Totals
         8          0          0          0          4          0   (incl. Padding)

    ----------------------------------------------------------------------

      Code (inc. data)   RO Data    RW Data    ZI Data      Debug   Library Name

      1070         20          0          0         96        908   c_p.l

    ----------------------------------------------------------------------
      1078         20          0          0        100        908   Library Totals

    ----------------------------------------------------------------------

==============================================================================


      Code (inc. data)   RO Data    RW Data    ZI Data      Debug   

     10480        502        260         52       1956     661392   Grand Totals
     10480        502        260         52       1956     661392   ELF Image Totals
     10480        502        260         52          0          0   ROM Totals

==============================================================================

    Total RO  Size (Code + RO Data)                10740 (  10.49kB)
    Total RW  Size (RW Data + ZI Data)              2008 (   1.96kB)
    Total ROM Size (Code + RO Data + RW Data)      10792 (  10.54kB)

==============================================================================

